Archive member included to satisfy reference by file (symbol)

c:/mounriver/mounriver_studio/toolchain/risc-v embedded gcc/bin/../lib/gcc/riscv-none-embed/8.2.0/rv32ecxw/ilp32e\libgcc.a(_udivdi3.o)
                              ./User/main.o (__udivdi3)
c:/mounriver/mounriver_studio/toolchain/risc-v embedded gcc/bin/../lib/gcc/riscv-none-embed/8.2.0/rv32ecxw/ilp32e\libgcc.a(save-restore.o)
                              ./User/ch32v003fun/ch32v003fun.o (__riscv_save_2)
c:/mounriver/mounriver_studio/toolchain/risc-v embedded gcc/bin/../lib/gcc/riscv-none-embed/8.2.0/rv32ecxw/ilp32e\libgcc.a(muldi3.o)
                              ./User/main.o (__mulsi3)
c:/mounriver/mounriver_studio/toolchain/risc-v embedded gcc/bin/../lib/gcc/riscv-none-embed/8.2.0/rv32ecxw/ilp32e\libgcc.a(div.o)
                              ./User/main.o (__divsi3)
c:/mounriver/mounriver_studio/toolchain/risc-v embedded gcc/bin/../lib/gcc/riscv-none-embed/8.2.0/rv32ecxw/ilp32e\libgcc.a(_clz.o)
                              c:/mounriver/mounriver_studio/toolchain/risc-v embedded gcc/bin/../lib/gcc/riscv-none-embed/8.2.0/rv32ecxw/ilp32e\libgcc.a(_udivdi3.o) (__clz_tab)

Discarded input sections

 .text          0x0000000000000000        0x0 ./User/ch32v003fun/ch32v003fun.o
 .data          0x0000000000000000        0x0 ./User/ch32v003fun/ch32v003fun.o
 .bss           0x0000000000000000        0x0 ./User/ch32v003fun/ch32v003fun.o
 .text.mini_pad
                0x0000000000000000       0x84 ./User/ch32v003fun/ch32v003fun.o
 .text._puts    0x0000000000000000       0x3e ./User/ch32v003fun/ch32v003fun.o
 .text.mini_itoa.part.0
                0x0000000000000000       0xd0 ./User/ch32v003fun/ch32v003fun.o
 .text.strlen   0x0000000000000000       0x12 ./User/ch32v003fun/ch32v003fun.o
 .text.memset   0x0000000000000000       0x10 ./User/ch32v003fun/ch32v003fun.o
 .text.strcpy   0x0000000000000000       0x10 ./User/ch32v003fun/ch32v003fun.o
 .text.strncpy  0x0000000000000000       0x16 ./User/ch32v003fun/ch32v003fun.o
 .text.strcmp   0x0000000000000000       0x22 ./User/ch32v003fun/ch32v003fun.o
 .text.strncmp  0x0000000000000000       0x2a ./User/ch32v003fun/ch32v003fun.o
 .text.strchr   0x0000000000000000       0x36 ./User/ch32v003fun/ch32v003fun.o
 .text.__memrchr
                0x0000000000000000       0x20 ./User/ch32v003fun/ch32v003fun.o
 .text.strrchr  0x0000000000000000       0x30 ./User/ch32v003fun/ch32v003fun.o
 .text.memcpy   0x0000000000000000       0x18 ./User/ch32v003fun/ch32v003fun.o
 .text.memcmp   0x0000000000000000       0x24 ./User/ch32v003fun/ch32v003fun.o
 .text.memmove  0x0000000000000000       0x68 ./User/ch32v003fun/ch32v003fun.o
 .text.memchr   0x0000000000000000       0x1a ./User/ch32v003fun/ch32v003fun.o
 .text.strnlen  0x0000000000000000       0x28 ./User/ch32v003fun/ch32v003fun.o
 .text.twoway_strstr
                0x0000000000000000      0x21c ./User/ch32v003fun/ch32v003fun.o
 .text.strstr   0x0000000000000000      0x130 ./User/ch32v003fun/ch32v003fun.o
 .text.mini_vpprintf
                0x0000000000000000      0x1c0 ./User/ch32v003fun/ch32v003fun.o
 .text.printf   0x0000000000000000       0x30 ./User/ch32v003fun/ch32v003fun.o
 .text.vprintf  0x0000000000000000       0x26 ./User/ch32v003fun/ch32v003fun.o
 .text.mini_vsnprintf
                0x0000000000000000       0x40 ./User/ch32v003fun/ch32v003fun.o
 .text.snprintf
                0x0000000000000000       0x1c ./User/ch32v003fun/ch32v003fun.o
 .text.mini_snprintf
                0x0000000000000000       0x1c ./User/ch32v003fun/ch32v003fun.o
 .text.mini_pprintf
                0x0000000000000000       0x1c ./User/ch32v003fun/ch32v003fun.o
 .text._write   0x0000000000000000       0x28 ./User/ch32v003fun/ch32v003fun.o
 .text.__puts_uart
                0x0000000000000000       0x22 ./User/ch32v003fun/ch32v003fun.o
 .text.puts     0x0000000000000000       0x46 ./User/ch32v003fun/ch32v003fun.o
 .text.putchar  0x0000000000000000       0x1a ./User/ch32v003fun/ch32v003fun.o
 .bss.errno     0x0000000000000000        0x4 ./User/ch32v003fun/ch32v003fun.o
 .data.ADCPrescTable
                0x0000000000000000       0x14 ./User/ch32v003fun/ch32v003fun.o
 .data.APBAHBPrescTable
                0x0000000000000000       0x10 ./User/ch32v003fun/ch32v003fun.o
 .rodata.puts.str1.4
                0x0000000000000000        0x2 ./User/ch32v003fun/ch32v003fun.o
 .text          0x0000000000000000        0x0 ./User/ch32v003fun/i2c_tx.o
 .data          0x0000000000000000        0x0 ./User/ch32v003fun/i2c_tx.o
 .bss           0x0000000000000000        0x0 ./User/ch32v003fun/i2c_tx.o
 .text.I2C_init
                0x0000000000000000       0x48 ./User/ch32v003fun/i2c_tx.o
 .text.I2C_start
                0x0000000000000000       0x4a ./User/ch32v003fun/i2c_tx.o
 .text.I2C_write
                0x0000000000000000       0x18 ./User/ch32v003fun/i2c_tx.o
 .text.I2C_stop
                0x0000000000000000       0x1a ./User/ch32v003fun/i2c_tx.o
 .data.ADCPrescTable
                0x0000000000000000       0x14 ./User/ch32v003fun/i2c_tx.o
 .data.APBAHBPrescTable
                0x0000000000000000       0x10 ./User/ch32v003fun/i2c_tx.o
 .debug_info    0x0000000000000000      0x3af ./User/ch32v003fun/i2c_tx.o
 .debug_abbrev  0x0000000000000000       0xf1 ./User/ch32v003fun/i2c_tx.o
 .debug_loc     0x0000000000000000       0x42 ./User/ch32v003fun/i2c_tx.o
 .debug_aranges
                0x0000000000000000       0x38 ./User/ch32v003fun/i2c_tx.o
 .debug_ranges  0x0000000000000000       0x28 ./User/ch32v003fun/i2c_tx.o
 .debug_line    0x0000000000000000      0x3d0 ./User/ch32v003fun/i2c_tx.o
 .debug_str     0x0000000000000000      0x32c ./User/ch32v003fun/i2c_tx.o
 .comment       0x0000000000000000       0x34 ./User/ch32v003fun/i2c_tx.o
 .debug_frame   0x0000000000000000       0x50 ./User/ch32v003fun/i2c_tx.o
 .text          0x0000000000000000        0x0 ./User/ch32v003fun/oled_min.o
 .data          0x0000000000000000        0x0 ./User/ch32v003fun/oled_min.o
 .bss           0x0000000000000000        0x0 ./User/ch32v003fun/oled_min.o
 .text.OLED_init
                0x0000000000000000       0x56 ./User/ch32v003fun/oled_min.o
 .text.OLED_data_start
                0x0000000000000000       0x28 ./User/ch32v003fun/oled_min.o
 .text.OLED_command_start
                0x0000000000000000       0x26 ./User/ch32v003fun/oled_min.o
 .text.OLED_send_command
                0x0000000000000000       0x3a ./User/ch32v003fun/oled_min.o
 .text.OLED_setpos
                0x0000000000000000       0x60 ./User/ch32v003fun/oled_min.o
 .text.OLED_fill
                0x0000000000000000       0x54 ./User/ch32v003fun/oled_min.o
 .text.OLED_draw_bmp
                0x0000000000000000       0x86 ./User/ch32v003fun/oled_min.o
 .text.OLED_setline
                0x0000000000000000       0x54 ./User/ch32v003fun/oled_min.o
 .text.OLED_clearline
                0x0000000000000000       0x4e ./User/ch32v003fun/oled_min.o
 .text.OLED_clear
                0x0000000000000000       0x4c ./User/ch32v003fun/oled_min.o
 .text.OLED_scrollDisplay
                0x0000000000000000       0x64 ./User/ch32v003fun/oled_min.o
 .text.OLED_plotChar
                0x0000000000000000       0x84 ./User/ch32v003fun/oled_min.o
 .text.OLED_write
                0x0000000000000000       0xa0 ./User/ch32v003fun/oled_min.o
 .text.OLED_print
                0x0000000000000000       0x24 ./User/ch32v003fun/oled_min.o
 .text.OLED_println
                0x0000000000000000       0x22 ./User/ch32v003fun/oled_min.o
 .text.OLED_printD
                0x0000000000000000       0x6e ./User/ch32v003fun/oled_min.o
 .text.OLED_printN
                0x0000000000000000       0x2c ./User/ch32v003fun/oled_min.o
 .text.OLED_printB
                0x0000000000000000       0x28 ./User/ch32v003fun/oled_min.o
 .text.OLED_printW
                0x0000000000000000       0x28 ./User/ch32v003fun/oled_min.o
 .text.OLED_printL
                0x0000000000000000       0x2a ./User/ch32v003fun/oled_min.o
 .bss.column    0x0000000000000000        0x1 ./User/ch32v003fun/oled_min.o
 .bss.line      0x0000000000000000        0x1 ./User/ch32v003fun/oled_min.o
 .bss.scroll    0x0000000000000000        0x1 ./User/ch32v003fun/oled_min.o
 .data.ADCPrescTable
                0x0000000000000000       0x14 ./User/ch32v003fun/oled_min.o
 .data.APBAHBPrescTable
                0x0000000000000000       0x10 ./User/ch32v003fun/oled_min.o
 .rodata.DIVIDER
                0x0000000000000000       0x28 ./User/ch32v003fun/oled_min.o
 .rodata.OLED_FONT
                0x0000000000000000      0x1e0 ./User/ch32v003fun/oled_min.o
 .rodata.OLED_INIT_CMD
                0x0000000000000000       0x11 ./User/ch32v003fun/oled_min.o
 .debug_info    0x0000000000000000      0xa51 ./User/ch32v003fun/oled_min.o
 .debug_abbrev  0x0000000000000000      0x1c1 ./User/ch32v003fun/oled_min.o
 .debug_loc     0x0000000000000000      0x4db ./User/ch32v003fun/oled_min.o
 .debug_aranges
                0x0000000000000000       0xb8 ./User/ch32v003fun/oled_min.o
 .debug_ranges  0x0000000000000000      0x108 ./User/ch32v003fun/oled_min.o
 .debug_line    0x0000000000000000      0xae0 ./User/ch32v003fun/oled_min.o
 .debug_str     0x0000000000000000      0x388 ./User/ch32v003fun/oled_min.o
 .comment       0x0000000000000000       0x34 ./User/ch32v003fun/oled_min.o
 .debug_frame   0x0000000000000000      0x28c ./User/ch32v003fun/oled_min.o
 .text          0x0000000000000000        0x0 ./User/main.o
 .data          0x0000000000000000        0x0 ./User/main.o
 .bss           0x0000000000000000        0x0 ./User/main.o
 .text.lower_half_ADC_channel
                0x0000000000000000       0x1a ./User/main.o
 .text.upper_half_ADC_channel
                0x0000000000000000       0x1a ./User/main.o
 .text.color_divide
                0x0000000000000000       0x62 ./User/main.o
 .text.set_color_no_div
                0x0000000000000000       0x24 ./User/main.o
 .text.gpio_init_act
                0x0000000000000000       0x3a ./User/main.o
 .text.gpio_act_pressed
                0x0000000000000000       0x10 ./User/main.o
 .text.ADC_init
                0x0000000000000000       0x18 ./User/main.o
 .text.ADC_read
                0x0000000000000000       0x1a ./User/main.o
 .text.matrix_pressed
                0x0000000000000000       0x56 ./User/main.o
 .text.matrix_pressed_panel
                0x0000000000000000       0x5c ./User/main.o
 .text.matrix_pressed_two
                0x0000000000000000       0xd6 ./User/main.o
 .text.JOY_setseed_default
                0x0000000000000000       0x10 ./User/main.o
 .text.JOY_setseed
                0x0000000000000000        0xa ./User/main.o
 .text.clear_board
                0x0000000000000000       0x1e ./User/main.o
 .text.check_apple
                0x0000000000000000       0x1a ./User/main.o
 .data.ADCPrescTable
                0x0000000000000000       0x14 ./User/main.o
 .data.APBAHBPrescTable
                0x0000000000000000       0x10 ./User/main.o
 .rodata.buttons
                0x0000000000000000      0x100 ./User/main.o
 .rodata.buttonsPanel
                0x0000000000000000       0x24 ./User/main.o
 .rodata.colors
                0x0000000000000000       0xc0 ./User/main.o
 .rodata.matrix_pressed_two.str1.4
                0x0000000000000000       0x1f ./User/main.o
 .rodata.num_colors
                0x0000000000000000        0x2 ./User/main.o
 .rodata.num_fonts
                0x0000000000000000        0x4 ./User/main.o
 .text          0x0000000000000000        0x0 ./Startup/startup_ch32v00x.o
 .data          0x0000000000000000        0x0 ./Startup/startup_ch32v00x.o
 .bss           0x0000000000000000        0x0 ./Startup/startup_ch32v00x.o
 .text.vector_handler
                0x0000000000000000        0x2 ./Startup/startup_ch32v00x.o
 .text.handle_reset
                0x0000000000000000       0x90 ./Startup/startup_ch32v00x.o
 .text          0x0000000000000000        0x0 ./Core/core_riscv.o
 .data          0x0000000000000000        0x0 ./Core/core_riscv.o
 .bss           0x0000000000000000        0x0 ./Core/core_riscv.o
 .text.__get_MSTATUS
                0x0000000000000000        0x6 ./Core/core_riscv.o
 .text.__set_MSTATUS
                0x0000000000000000        0x6 ./Core/core_riscv.o
 .text.__get_MISA
                0x0000000000000000        0x6 ./Core/core_riscv.o
 .text.__set_MISA
                0x0000000000000000        0x6 ./Core/core_riscv.o
 .text.__get_MTVEC
                0x0000000000000000        0x6 ./Core/core_riscv.o
 .text.__set_MTVEC
                0x0000000000000000        0x6 ./Core/core_riscv.o
 .text.__get_MSCRATCH
                0x0000000000000000        0x6 ./Core/core_riscv.o
 .text.__set_MSCRATCH
                0x0000000000000000        0x6 ./Core/core_riscv.o
 .text.__get_MEPC
                0x0000000000000000        0x6 ./Core/core_riscv.o
 .text.__set_MEPC
                0x0000000000000000        0x6 ./Core/core_riscv.o
 .text.__get_MCAUSE
                0x0000000000000000        0x6 ./Core/core_riscv.o
 .text.__set_MCAUSE
                0x0000000000000000        0x6 ./Core/core_riscv.o
 .text.__get_MVENDORID
                0x0000000000000000        0x6 ./Core/core_riscv.o
 .text.__get_MARCHID
                0x0000000000000000        0x6 ./Core/core_riscv.o
 .text.__get_MIMPID
                0x0000000000000000        0x6 ./Core/core_riscv.o
 .text.__get_MHARTID
                0x0000000000000000        0x6 ./Core/core_riscv.o
 .text.__get_SP
                0x0000000000000000        0x4 ./Core/core_riscv.o
 .debug_info    0x0000000000000000      0x324 ./Core/core_riscv.o
 .debug_abbrev  0x0000000000000000       0xe0 ./Core/core_riscv.o
 .debug_aranges
                0x0000000000000000       0xa0 ./Core/core_riscv.o
 .debug_ranges  0x0000000000000000       0x90 ./Core/core_riscv.o
 .debug_line    0x0000000000000000      0x3f2 ./Core/core_riscv.o
 .debug_str     0x0000000000000000      0x284 ./Core/core_riscv.o
 .comment       0x0000000000000000       0x34 ./Core/core_riscv.o
 .debug_frame   0x0000000000000000      0x120 ./Core/core_riscv.o
 .text          0x0000000000000000        0x0 c:/mounriver/mounriver_studio/toolchain/risc-v embedded gcc/bin/../lib/gcc/riscv-none-embed/8.2.0/rv32ecxw/ilp32e\libgcc.a(_udivdi3.o)
 .data          0x0000000000000000        0x0 c:/mounriver/mounriver_studio/toolchain/risc-v embedded gcc/bin/../lib/gcc/riscv-none-embed/8.2.0/rv32ecxw/ilp32e\libgcc.a(_udivdi3.o)
 .bss           0x0000000000000000        0x0 c:/mounriver/mounriver_studio/toolchain/risc-v embedded gcc/bin/../lib/gcc/riscv-none-embed/8.2.0/rv32ecxw/ilp32e\libgcc.a(_udivdi3.o)
 .eh_frame      0x0000000000000000       0x58 c:/mounriver/mounriver_studio/toolchain/risc-v embedded gcc/bin/../lib/gcc/riscv-none-embed/8.2.0/rv32ecxw/ilp32e\libgcc.a(_udivdi3.o)
 .data          0x0000000000000000        0x0 c:/mounriver/mounriver_studio/toolchain/risc-v embedded gcc/bin/../lib/gcc/riscv-none-embed/8.2.0/rv32ecxw/ilp32e\libgcc.a(save-restore.o)
 .bss           0x0000000000000000        0x0 c:/mounriver/mounriver_studio/toolchain/risc-v embedded gcc/bin/../lib/gcc/riscv-none-embed/8.2.0/rv32ecxw/ilp32e\libgcc.a(save-restore.o)
 .eh_frame      0x0000000000000000       0x68 c:/mounriver/mounriver_studio/toolchain/risc-v embedded gcc/bin/../lib/gcc/riscv-none-embed/8.2.0/rv32ecxw/ilp32e\libgcc.a(save-restore.o)
 .data          0x0000000000000000        0x0 c:/mounriver/mounriver_studio/toolchain/risc-v embedded gcc/bin/../lib/gcc/riscv-none-embed/8.2.0/rv32ecxw/ilp32e\libgcc.a(muldi3.o)
 .bss           0x0000000000000000        0x0 c:/mounriver/mounriver_studio/toolchain/risc-v embedded gcc/bin/../lib/gcc/riscv-none-embed/8.2.0/rv32ecxw/ilp32e\libgcc.a(muldi3.o)
 .data          0x0000000000000000        0x0 c:/mounriver/mounriver_studio/toolchain/risc-v embedded gcc/bin/../lib/gcc/riscv-none-embed/8.2.0/rv32ecxw/ilp32e\libgcc.a(div.o)
 .bss           0x0000000000000000        0x0 c:/mounriver/mounriver_studio/toolchain/risc-v embedded gcc/bin/../lib/gcc/riscv-none-embed/8.2.0/rv32ecxw/ilp32e\libgcc.a(div.o)
 .text          0x0000000000000000        0x0 c:/mounriver/mounriver_studio/toolchain/risc-v embedded gcc/bin/../lib/gcc/riscv-none-embed/8.2.0/rv32ecxw/ilp32e\libgcc.a(_clz.o)
 .data          0x0000000000000000        0x0 c:/mounriver/mounriver_studio/toolchain/risc-v embedded gcc/bin/../lib/gcc/riscv-none-embed/8.2.0/rv32ecxw/ilp32e\libgcc.a(_clz.o)
 .bss           0x0000000000000000        0x0 c:/mounriver/mounriver_studio/toolchain/risc-v embedded gcc/bin/../lib/gcc/riscv-none-embed/8.2.0/rv32ecxw/ilp32e\libgcc.a(_clz.o)

Memory Configuration

Name             Origin             Length             Attributes
FLASH            0x0000000000000000 0x0000000000004000 xr
RAM              0x0000000020000000 0x0000000000000800 xrw
*default*        0x0000000000000000 0xffffffffffffffff

Linker script and memory map

LOAD ./User/ch32v003fun/ch32v003fun.o
LOAD ./User/ch32v003fun/i2c_tx.o
LOAD ./User/ch32v003fun/oled_min.o
LOAD ./User/main.o
LOAD ./Startup/startup_ch32v00x.o
LOAD ./Core/core_riscv.o
LOAD c:/mounriver/mounriver_studio/toolchain/risc-v embedded gcc/bin/../lib/gcc/riscv-none-embed/8.2.0/../../../../riscv-none-embed/lib/rv32ecxw/ilp32e\libprintf.a
LOAD c:/mounriver/mounriver_studio/toolchain/risc-v embedded gcc/bin/../lib/gcc/riscv-none-embed/8.2.0/rv32ecxw/ilp32e\libgcc.a
LOAD c:/mounriver/mounriver_studio/toolchain/risc-v embedded gcc/bin/../lib/gcc/riscv-none-embed/8.2.0/../../../../riscv-none-embed/lib/rv32ecxw/ilp32e\libg_nano.a
LOAD c:/mounriver/mounriver_studio/toolchain/risc-v embedded gcc/bin/../lib/gcc/riscv-none-embed/8.2.0/../../../../riscv-none-embed/lib/rv32ecxw/ilp32e\libc_nano.a
LOAD c:/mounriver/mounriver_studio/toolchain/risc-v embedded gcc/bin/../lib/gcc/riscv-none-embed/8.2.0/rv32ecxw/ilp32e\libgcc.a
START GROUP
LOAD c:/mounriver/mounriver_studio/toolchain/risc-v embedded gcc/bin/../lib/gcc/riscv-none-embed/8.2.0/rv32ecxw/ilp32e\libgcc.a
LOAD c:/mounriver/mounriver_studio/toolchain/risc-v embedded gcc/bin/../lib/gcc/riscv-none-embed/8.2.0/../../../../riscv-none-embed/lib/rv32ecxw/ilp32e\libc_nano.a
LOAD c:/mounriver/mounriver_studio/toolchain/risc-v embedded gcc/bin/../lib/gcc/riscv-none-embed/8.2.0/../../../../riscv-none-embed/lib/rv32ecxw/ilp32e\libnosys.a
END GROUP
START GROUP
LOAD c:/mounriver/mounriver_studio/toolchain/risc-v embedded gcc/bin/../lib/gcc/riscv-none-embed/8.2.0/rv32ecxw/ilp32e\libgcc.a
LOAD c:/mounriver/mounriver_studio/toolchain/risc-v embedded gcc/bin/../lib/gcc/riscv-none-embed/8.2.0/../../../../riscv-none-embed/lib/rv32ecxw/ilp32e\libc_nano.a
LOAD c:/mounriver/mounriver_studio/toolchain/risc-v embedded gcc/bin/../lib/gcc/riscv-none-embed/8.2.0/../../../../riscv-none-embed/lib/rv32ecxw/ilp32e\libnosys.a
END GROUP
                0x0000000000000100                __stack_size = 0x100
                [!provide]                        PROVIDE (_stack_size = __stack_size)

.init           0x0000000000000000      0x140
                0x0000000000000000                _sinit = .
                0x0000000000000000                . = ALIGN (0x4)
 *(SORT_NONE(.init))
 .init          0x0000000000000000       0x9e ./User/ch32v003fun/ch32v003fun.o
                0x0000000000000000                InterruptVector
                0x0000000000000000                InterruptVectorDefault
 *fill*         0x000000000000009e        0x2 
 .init          0x00000000000000a0       0x9e ./Startup/startup_ch32v00x.o
                0x00000000000000a0                _start
                0x0000000000000140                . = ALIGN (0x4)
 *fill*         0x000000000000013e        0x2 
                0x0000000000000140                _einit = .

.text           0x0000000000000140     0x1328
                0x0000000000000140                . = ALIGN (0x4)
 *(.text)
 .text          0x0000000000000140       0x14 c:/mounriver/mounriver_studio/toolchain/risc-v embedded gcc/bin/../lib/gcc/riscv-none-embed/8.2.0/rv32ecxw/ilp32e\libgcc.a(save-restore.o)
                0x0000000000000140                __riscv_save_1
                0x0000000000000140                __riscv_save_2
                0x0000000000000140                __riscv_save_0
                0x000000000000014a                __riscv_restore_0
                0x000000000000014a                __riscv_restore_1
                0x000000000000014a                __riscv_restore_2
 .text          0x0000000000000154       0x16 c:/mounriver/mounriver_studio/toolchain/risc-v embedded gcc/bin/../lib/gcc/riscv-none-embed/8.2.0/rv32ecxw/ilp32e\libgcc.a(muldi3.o)
                0x0000000000000154                __mulsi3
 *fill*         0x000000000000016a        0x2 
 .text          0x000000000000016c       0x7e c:/mounriver/mounriver_studio/toolchain/risc-v embedded gcc/bin/../lib/gcc/riscv-none-embed/8.2.0/rv32ecxw/ilp32e\libgcc.a(div.o)
                0x000000000000016c                __divsi3
                0x0000000000000174                __udivsi3
                0x00000000000001a0                __umodsi3
                0x00000000000001c4                __modsi3
 *(.text.*)
 .text.handle_reset
                0x00000000000001ea       0x7e ./User/ch32v003fun/ch32v003fun.o
                0x00000000000001ea                handle_reset
 .text.vector_handler
                0x0000000000000268       0x10 ./User/ch32v003fun/ch32v003fun.o
                0x0000000000000268                TIM1_CC_IRQHandler
                0x0000000000000268                HardFault_Handler
                0x0000000000000268                SysTick_Handler
                0x0000000000000268                PVD_IRQHandler
                0x0000000000000268                USART1_IRQHandler
                0x0000000000000268                SPI1_IRQHandler
                0x0000000000000268                AWU_IRQHandler
                0x0000000000000268                EXTI7_0_IRQHandler
                0x0000000000000268                DMA1_Channel4_IRQHandler
                0x0000000000000268                ADC1_IRQHandler
                0x0000000000000268                DMA1_Channel7_IRQHandler
                0x0000000000000268                I2C1_EV_IRQHandler
                0x0000000000000268                DMA1_Channel6_IRQHandler
                0x0000000000000268                RCC_IRQHandler
                0x0000000000000268                TIM1_TRG_COM_IRQHandler
                0x0000000000000268                DMA1_Channel1_IRQHandler
                0x0000000000000268                DefaultIRQHandler
                0x0000000000000268                FLASH_IRQHandler
                0x0000000000000268                DMA1_Channel5_IRQHandler
                0x0000000000000268                DMA1_Channel3_IRQHandler
                0x0000000000000268                TIM1_UP_IRQHandler
                0x0000000000000268                WWDG_IRQHandler
                0x0000000000000268                TIM2_IRQHandler
                0x0000000000000268                SW_Handler
                0x0000000000000268                TIM1_BRK_IRQHandler
                0x0000000000000268                DMA1_Channel2_IRQHandler
                0x0000000000000268                I2C1_ER_IRQHandler
                0x000000000000026a                NMI_Handler
                0x000000000000026a                NMI_RCC_CSS_IRQHandler
 .text.SetupUART
                0x0000000000000278       0x5a ./User/ch32v003fun/ch32v003fun.o
                0x0000000000000278                SetupUART
 .text.DelaySysTick
                0x00000000000002d2       0x16 ./User/ch32v003fun/ch32v003fun.o
                0x00000000000002d2                DelaySysTick
 .text.SystemInit
                0x00000000000002e8       0x52 ./User/ch32v003fun/ch32v003fun.o
                0x00000000000002e8                SystemInit
 .text.GPIO_ADCinit
                0x000000000000033a       0xa0 ./User/main.o
 .text.GPIO_analogRead
                0x00000000000003da       0x3a ./User/main.o
 .text.set_color
                0x0000000000000414       0xac ./User/main.o
                0x0000000000000414                set_color
 .text.clear    0x00000000000004c0       0x26 ./User/main.o
 .text.font_draw
                0x00000000000004e6       0x50 ./User/main.o
 .text.ADC_read_pad
                0x0000000000000536        0xa ./User/main.o
                0x0000000000000536                ADC_read_pad
 .text.ADC_read_smallboard
                0x0000000000000540        0x8 ./User/main.o
                0x0000000000000540                ADC_read_smallboard
 .text.multiple_ADC_reads
                0x0000000000000548       0x50 ./User/main.o
                0x0000000000000548                multiple_ADC_reads
 .text.JOY_check_button
                0x0000000000000598      0x12e ./User/main.o
                0x0000000000000598                JOY_check_button
 .text.JOY_random
                0x00000000000006c6       0x22 ./User/main.o
                0x00000000000006c6                JOY_random
 .text.WS2812BSimpleSend
                0x00000000000006e8       0xce ./User/main.o
                0x00000000000006e8                WS2812BSimpleSend
 .text.generate_apple
                0x00000000000007b6       0x2a ./User/main.o
                0x00000000000007b6                generate_apple
 .text.game_init
                0x00000000000007e0       0x52 ./User/main.o
                0x00000000000007e0                game_init
 .text.display  0x0000000000000832       0xc6 ./User/main.o
                0x0000000000000832                display
 .text.get_new_direction
                0x00000000000008f8       0x76 ./User/main.o
                0x00000000000008f8                get_new_direction
 .text.check_collision
                0x000000000000096e       0x6c ./User/main.o
                0x000000000000096e                check_collision
 .text.move_snake
                0x00000000000009da       0xb0 ./User/main.o
                0x00000000000009da                move_snake
 .text.show_current_score
                0x0000000000000a8a       0x6a ./User/main.o
                0x0000000000000a8a                show_current_score
 .text.show_score_history
                0x0000000000000af4       0xc8 ./User/main.o
                0x0000000000000af4                show_score_history
 .text.save_score
                0x0000000000000bbc       0x28 ./User/main.o
                0x0000000000000bbc                save_score
 .text.startup.main
                0x0000000000000be4      0x1d0 ./User/main.o
                0x0000000000000be4                main
 .text.__udivdi3
                0x0000000000000db4      0x4f2 c:/mounriver/mounriver_studio/toolchain/risc-v embedded gcc/bin/../lib/gcc/riscv-none-embed/8.2.0/rv32ecxw/ilp32e\libgcc.a(_udivdi3.o)
                0x0000000000000db4                __udivdi3
 *(.rodata)
 *(.rodata*)
 *fill*         0x00000000000012a6        0x2 
 .rodata.font_0
                0x00000000000012a8        0xf ./User/main.o
                0x00000000000012a8                font_0
 *fill*         0x00000000000012b7        0x1 
 .rodata.font_1
                0x00000000000012b8        0xf ./User/main.o
                0x00000000000012b8                font_1
 *fill*         0x00000000000012c7        0x1 
 .rodata.font_2
                0x00000000000012c8        0xf ./User/main.o
                0x00000000000012c8                font_2
 *fill*         0x00000000000012d7        0x1 
 .rodata.font_3
                0x00000000000012d8        0xf ./User/main.o
                0x00000000000012d8                font_3
 *fill*         0x00000000000012e7        0x1 
 .rodata.font_4
                0x00000000000012e8        0xf ./User/main.o
                0x00000000000012e8                font_4
 *fill*         0x00000000000012f7        0x1 
 .rodata.font_5
                0x00000000000012f8        0xf ./User/main.o
                0x00000000000012f8                font_5
 *fill*         0x0000000000001307        0x1 
 .rodata.font_6
                0x0000000000001308        0xf ./User/main.o
                0x0000000000001308                font_6
 *fill*         0x0000000000001317        0x1 
 .rodata.font_7
                0x0000000000001318        0xf ./User/main.o
                0x0000000000001318                font_7
 *fill*         0x0000000000001327        0x1 
 .rodata.font_8
                0x0000000000001328        0xf ./User/main.o
                0x0000000000001328                font_8
 *fill*         0x0000000000001337        0x1 
 .rodata.font_9
                0x0000000000001338        0xf ./User/main.o
                0x0000000000001338                font_9
 *fill*         0x0000000000001347        0x1 
 .rodata.font_D
                0x0000000000001348        0xf ./User/main.o
                0x0000000000001348                font_D
 *fill*         0x0000000000001357        0x1 
 .rodata.font_X
                0x0000000000001358        0xf ./User/main.o
                0x0000000000001358                font_X
 *fill*         0x0000000000001367        0x1 
 .rodata.__clz_tab
                0x0000000000001368      0x100 c:/mounriver/mounriver_studio/toolchain/risc-v embedded gcc/bin/../lib/gcc/riscv-none-embed/8.2.0/rv32ecxw/ilp32e\libgcc.a(_clz.o)
                0x0000000000001368                __clz_tab
 *(.gnu.linkonce.t.*)
                0x0000000000001468                . = ALIGN (0x4)

.rela.dyn       0x0000000000001468        0x0
 .rela.text.handle_reset
                0x0000000000001468        0x0 ./User/ch32v003fun/ch32v003fun.o
 .rela.init     0x0000000000001468        0x0 ./User/ch32v003fun/ch32v003fun.o

.fini           0x0000000000001468        0x0
 *(SORT_NONE(.fini))
                0x0000000000001468                . = ALIGN (0x4)
                [!provide]                        PROVIDE (_etext = .)
                [!provide]                        PROVIDE (_eitcm = .)

.preinit_array  0x0000000000001468        0x0
                [!provide]                        PROVIDE (__preinit_array_start = .)
 *(.preinit_array)
                [!provide]                        PROVIDE (__preinit_array_end = .)

.init_array     0x0000000000001468        0x0
                [!provide]                        PROVIDE (__init_array_start = .)
 *(SORT_BY_INIT_PRIORITY(.init_array.*) SORT_BY_INIT_PRIORITY(.ctors.*))
 *(.init_array EXCLUDE_FILE(*crtend?.o *crtend.o *crtbegin?.o *crtbegin.o) .ctors)
                [!provide]                        PROVIDE (__init_array_end = .)

.fini_array     0x0000000000001468        0x0
                [!provide]                        PROVIDE (__fini_array_start = .)
 *(SORT_BY_INIT_PRIORITY(.fini_array.*) SORT_BY_INIT_PRIORITY(.dtors.*))
 *(.fini_array EXCLUDE_FILE(*crtend?.o *crtend.o *crtbegin?.o *crtbegin.o) .dtors)
                [!provide]                        PROVIDE (__fini_array_end = .)

.ctors
 *crtbegin.o(.ctors)
 *crtbegin?.o(.ctors)
 *(EXCLUDE_FILE(*crtend?.o *crtend.o) .ctors)
 *(SORT_BY_NAME(.ctors.*))
 *(.ctors)

.dtors
 *crtbegin.o(.dtors)
 *crtbegin?.o(.dtors)
 *(EXCLUDE_FILE(*crtend?.o *crtend.o) .dtors)
 *(SORT_BY_NAME(.dtors.*))
 *(.dtors)

.dalign         0x0000000020000000        0x0 load address 0x0000000000001468
                0x0000000020000000                . = ALIGN (0x4)
                0x0000000020000000                PROVIDE (_data_vma = .)

.dlalign        0x0000000000001468        0x0
                0x0000000000001468                . = ALIGN (0x4)
                0x0000000000001468                PROVIDE (_data_lma = .)

.data           0x0000000020000000       0x50 load address 0x0000000000001468
                0x0000000020000000                . = ALIGN (0x4)
 *(.gnu.linkonce.r.*)
 *(.data .data.*)
 .data.appleColor
                0x0000000020000000        0x3 ./User/main.o
                0x0000000020000000                appleColor
 *fill*         0x0000000020000003        0x1 
 .data.font_list
                0x0000000020000004       0x30 ./User/main.o
                0x0000000020000004                font_list
 .data.ledDivider
                0x0000000020000034        0x1 ./User/main.o
                0x0000000020000034                ledDivider
 *fill*         0x0000000020000035        0x3 
 .data.scoreColor
                0x0000000020000038        0x3 ./User/main.o
                0x0000000020000038                scoreColor
 *fill*         0x000000002000003b        0x1 
 .data.snakeBodyColor
                0x000000002000003c        0x3 ./User/main.o
                0x000000002000003c                snakeBodyColor
 *fill*         0x000000002000003f        0x1 
 .data.snakeHeadColor
                0x0000000020000040        0x3 ./User/main.o
                0x0000000020000040                snakeHeadColor
 *fill*         0x0000000020000043        0x1 
 .data.snakeTailColor
                0x0000000020000044        0x3 ./User/main.o
                0x0000000020000044                snakeTailColor
 *fill*         0x0000000020000047        0x1 
 .data.speedBoostColor
                0x0000000020000048        0x3 ./User/main.o
                0x0000000020000048                speedBoostColor
 *(.gnu.linkonce.d.*)
                0x0000000020000050                . = ALIGN (0x8)
 *fill*         0x000000002000004b        0x5 
                0x0000000020000850                PROVIDE (__global_pointer$ = (. + 0x800))
 *(.sdata .sdata.*)
 *(.sdata2*)
 *(.gnu.linkonce.s.*)
                0x0000000020000050                . = ALIGN (0x8)
 *(.srodata.cst16)
 *(.srodata.cst8)
 *(.srodata.cst4)
 *(.srodata.cst2)
 *(.srodata .srodata.*)
                0x0000000020000050                . = ALIGN (0x4)
                0x0000000020000050                PROVIDE (_edata = .)

.bss            0x0000000020000050      0x15c load address 0x00000000000014b8
                0x0000000020000050                . = ALIGN (0x4)
                0x0000000020000050                PROVIDE (_sbss = .)
 *(.sbss*)
 *(.gnu.linkonce.sb.*)
 *(.bss*)
 .bss.blankColor
                0x0000000020000050        0x3 ./User/main.o
                0x0000000020000050                blankColor
 .bss.currentScoreIndex
                0x0000000020000053        0x1 ./User/main.o
                0x0000000020000053                currentScoreIndex
 .bss.gameBoard
                0x0000000020000054       0x80 ./User/main.o
                0x0000000020000054                gameBoard
 .bss.gameOver  0x00000000200000d4        0x1 ./User/main.o
                0x00000000200000d4                gameOver
 .bss.game_regime
                0x00000000200000d5        0x1 ./User/main.o
                0x00000000200000d5                game_regime
 *fill*         0x00000000200000d6        0x2 
 .bss.led_array
                0x00000000200000d8       0xc0 ./User/main.o
                0x00000000200000d8                led_array
 .bss.rnval     0x0000000020000198        0x2 ./User/main.o
                0x0000000020000198                rnval
 .bss.score     0x000000002000019a        0x1 ./User/main.o
                0x000000002000019a                score
 *fill*         0x000000002000019b        0x1 
 .bss.scoreHistory
                0x000000002000019c        0xa ./User/main.o
                0x000000002000019c                scoreHistory
 .bss.snakeHead
                0x00000000200001a6        0x1 ./User/main.o
                0x00000000200001a6                snakeHead
 .bss.snakeTail
                0x00000000200001a7        0x1 ./User/main.o
                0x00000000200001a7                snakeTail
 .bss.speedCounter
                0x00000000200001a8        0x2 ./User/main.o
                0x00000000200001a8                speedCounter
 *(.gnu.linkonce.b.*)
 *(COMMON*)
                0x00000000200001ac                . = ALIGN (0x4)
 *fill*         0x00000000200001aa        0x2 
                0x00000000200001ac                PROVIDE (_ebss = .)
                [!provide]                        PROVIDE (_end = _ebss)
                [!provide]                        PROVIDE (end = .)

.stack          0x0000000020000700      0x100
                [!provide]                        PROVIDE (_heap_end = .)
                0x0000000020000700                . = ALIGN (0x4)
                [!provide]                        PROVIDE (_susrstack = .)
                0x0000000020000800                . = (. + __stack_size)
 *fill*         0x0000000020000700      0x100 
                0x0000000020000800                PROVIDE (_eusrstack = .)
OUTPUT(Snake_game.elf elf32-littleriscv)

.debug_info     0x0000000000000000     0x4333
 .debug_info    0x0000000000000000     0x21a7 ./User/ch32v003fun/ch32v003fun.o
 .debug_info    0x00000000000021a7     0x216a ./User/main.o
 .debug_info    0x0000000000004311       0x22 ./Startup/startup_ch32v00x.o

.debug_abbrev   0x0000000000000000      0xba7
 .debug_abbrev  0x0000000000000000      0x5ab ./User/ch32v003fun/ch32v003fun.o
 .debug_abbrev  0x00000000000005ab      0x5ea ./User/main.o
 .debug_abbrev  0x0000000000000b95       0x12 ./Startup/startup_ch32v00x.o

.debug_loc      0x0000000000000000     0x2b1d
 .debug_loc     0x0000000000000000     0x1fa2 ./User/ch32v003fun/ch32v003fun.o
 .debug_loc     0x0000000000001fa2      0xb7b ./User/main.o

.debug_aranges  0x0000000000000000      0x2a0
 .debug_aranges
                0x0000000000000000      0x140 ./User/ch32v003fun/ch32v003fun.o
 .debug_aranges
                0x0000000000000140      0x130 ./User/main.o
 .debug_aranges
                0x0000000000000270       0x30 ./Startup/startup_ch32v00x.o

.debug_ranges   0x0000000000000000      0x528
 .debug_ranges  0x0000000000000000      0x268 ./User/ch32v003fun/ch32v003fun.o
 .debug_ranges  0x0000000000000268      0x298 ./User/main.o
 .debug_ranges  0x0000000000000500       0x28 ./Startup/startup_ch32v00x.o

.debug_line     0x0000000000000000     0x4227
 .debug_line    0x0000000000000000     0x2251 ./User/ch32v003fun/ch32v003fun.o
 .debug_line    0x0000000000002251     0x1ec4 ./User/main.o
 .debug_line    0x0000000000004115      0x112 ./Startup/startup_ch32v00x.o

.debug_str      0x0000000000000000     0x10ab
 .debug_str     0x0000000000000000      0x95f ./User/ch32v003fun/ch32v003fun.o
                                        0xa5e (size before relaxing)
 .debug_str     0x000000000000095f      0x722 ./User/main.o
                                        0xe1e (size before relaxing)
 .debug_str     0x0000000000001081       0x2a ./Startup/startup_ch32v00x.o
                                         0x64 (size before relaxing)

.comment        0x0000000000000000       0x33
 .comment       0x0000000000000000       0x33 ./User/ch32v003fun/ch32v003fun.o
                                         0x34 (size before relaxing)
 .comment       0x0000000000000033       0x34 ./User/main.o

.debug_frame    0x0000000000000000      0x76c
 .debug_frame   0x0000000000000000      0x37c ./User/ch32v003fun/ch32v003fun.o
 .debug_frame   0x000000000000037c      0x3f0 ./User/main.o
