Archive member included to satisfy reference by file (symbol)

c:/mounriver/mounriver_studio/toolchain/risc-v embedded gcc/bin/../lib/gcc/riscv-none-embed/8.2.0/rv32ecxw/ilp32e\libgcc.a(_udivdi3.o)
                              ./User/main.o (__udivdi3)
c:/mounriver/mounriver_studio/toolchain/risc-v embedded gcc/bin/../lib/gcc/riscv-none-embed/8.2.0/rv32ecxw/ilp32e\libgcc.a(muldf3.o)
                              ./User/main.o (__muldf3)
c:/mounriver/mounriver_studio/toolchain/risc-v embedded gcc/bin/../lib/gcc/riscv-none-embed/8.2.0/rv32ecxw/ilp32e\libgcc.a(fixdfsi.o)
                              ./User/main.o (__fixdfsi)
c:/mounriver/mounriver_studio/toolchain/risc-v embedded gcc/bin/../lib/gcc/riscv-none-embed/8.2.0/rv32ecxw/ilp32e\libgcc.a(floatsidf.o)
                              ./User/main.o (__floatsidf)
c:/mounriver/mounriver_studio/toolchain/risc-v embedded gcc/bin/../lib/gcc/riscv-none-embed/8.2.0/rv32ecxw/ilp32e\libgcc.a(save-restore.o)
                              ./User/ch32v003fun/inc/eeprom.o (__riscv_save_2)
c:/mounriver/mounriver_studio/toolchain/risc-v embedded gcc/bin/../lib/gcc/riscv-none-embed/8.2.0/rv32ecxw/ilp32e\libgcc.a(muldi3.o)
                              ./User/main.o (__mulsi3)
c:/mounriver/mounriver_studio/toolchain/risc-v embedded gcc/bin/../lib/gcc/riscv-none-embed/8.2.0/rv32ecxw/ilp32e\libgcc.a(div.o)
                              ./User/main.o (__divsi3)
c:/mounriver/mounriver_studio/toolchain/risc-v embedded gcc/bin/../lib/gcc/riscv-none-embed/8.2.0/rv32ecxw/ilp32e\libgcc.a(_clz.o)
                              c:/mounriver/mounriver_studio/toolchain/risc-v embedded gcc/bin/../lib/gcc/riscv-none-embed/8.2.0/rv32ecxw/ilp32e\libgcc.a(_udivdi3.o) (__clz_tab)
c:/mounriver/mounriver_studio/toolchain/risc-v embedded gcc/bin/../lib/gcc/riscv-none-embed/8.2.0/rv32ecxw/ilp32e\libgcc.a(_clzsi2.o)
                              c:/mounriver/mounriver_studio/toolchain/risc-v embedded gcc/bin/../lib/gcc/riscv-none-embed/8.2.0/rv32ecxw/ilp32e\libgcc.a(muldf3.o) (__clzsi2)
c:/mounriver/mounriver_studio/toolchain/risc-v embedded gcc/bin/../lib/gcc/riscv-none-embed/8.2.0/../../../../riscv-none-embed/lib/rv32ecxw/ilp32e\libg_nano.a(lib_a-malloc.o)
                              ./User/main.o (malloc)
c:/mounriver/mounriver_studio/toolchain/risc-v embedded gcc/bin/../lib/gcc/riscv-none-embed/8.2.0/../../../../riscv-none-embed/lib/rv32ecxw/ilp32e\libg_nano.a(lib_a-nano-freer.o)
                              c:/mounriver/mounriver_studio/toolchain/risc-v embedded gcc/bin/../lib/gcc/riscv-none-embed/8.2.0/../../../../riscv-none-embed/lib/rv32ecxw/ilp32e\libg_nano.a(lib_a-malloc.o) (_free_r)
c:/mounriver/mounriver_studio/toolchain/risc-v embedded gcc/bin/../lib/gcc/riscv-none-embed/8.2.0/../../../../riscv-none-embed/lib/rv32ecxw/ilp32e\libg_nano.a(lib_a-nano-mallocr.o)
                              c:/mounriver/mounriver_studio/toolchain/risc-v embedded gcc/bin/../lib/gcc/riscv-none-embed/8.2.0/../../../../riscv-none-embed/lib/rv32ecxw/ilp32e\libg_nano.a(lib_a-malloc.o) (_malloc_r)
c:/mounriver/mounriver_studio/toolchain/risc-v embedded gcc/bin/../lib/gcc/riscv-none-embed/8.2.0/../../../../riscv-none-embed/lib/rv32ecxw/ilp32e\libg_nano.a(lib_a-sbrkr.o)
                              c:/mounriver/mounriver_studio/toolchain/risc-v embedded gcc/bin/../lib/gcc/riscv-none-embed/8.2.0/../../../../riscv-none-embed/lib/rv32ecxw/ilp32e\libg_nano.a(lib_a-nano-mallocr.o) (_sbrk_r)
c:/mounriver/mounriver_studio/toolchain/risc-v embedded gcc/bin/../lib/gcc/riscv-none-embed/8.2.0/../../../../riscv-none-embed/lib/rv32ecxw/ilp32e\libg_nano.a(lib_a-impure.o)
                              c:/mounriver/mounriver_studio/toolchain/risc-v embedded gcc/bin/../lib/gcc/riscv-none-embed/8.2.0/../../../../riscv-none-embed/lib/rv32ecxw/ilp32e\libg_nano.a(lib_a-malloc.o) (_impure_ptr)
c:/mounriver/mounriver_studio/toolchain/risc-v embedded gcc/bin/../lib/gcc/riscv-none-embed/8.2.0/../../../../riscv-none-embed/lib/rv32ecxw/ilp32e\libg_nano.a(lib_a-mlock.o)
                              c:/mounriver/mounriver_studio/toolchain/risc-v embedded gcc/bin/../lib/gcc/riscv-none-embed/8.2.0/../../../../riscv-none-embed/lib/rv32ecxw/ilp32e\libg_nano.a(lib_a-nano-freer.o) (__malloc_lock)
c:/mounriver/mounriver_studio/toolchain/risc-v embedded gcc/bin/../lib/gcc/riscv-none-embed/8.2.0/../../../../riscv-none-embed/lib/rv32ecxw/ilp32e\libnosys.a(sbrk.o)
                              c:/mounriver/mounriver_studio/toolchain/risc-v embedded gcc/bin/../lib/gcc/riscv-none-embed/8.2.0/../../../../riscv-none-embed/lib/rv32ecxw/ilp32e\libg_nano.a(lib_a-sbrkr.o) (_sbrk)

Discarded input sections

 .text          0x0000000000000000        0x0 ./User/ch32v003fun/inc/eeprom.o
 .data          0x0000000000000000        0x0 ./User/ch32v003fun/inc/eeprom.o
 .bss           0x0000000000000000        0x0 ./User/ch32v003fun/inc/eeprom.o
 .text.EEPROM_init
                0x0000000000000000       0x18 ./User/ch32v003fun/inc/eeprom.o
 .text.EEPROM_write
                0x0000000000000000       0x96 ./User/ch32v003fun/inc/eeprom.o
 .text.EEPROM_read
                0x0000000000000000       0x68 ./User/ch32v003fun/inc/eeprom.o
 .data.ADCPrescTable
                0x0000000000000000       0x14 ./User/ch32v003fun/inc/eeprom.o
 .data.APBAHBPrescTable
                0x0000000000000000       0x10 ./User/ch32v003fun/inc/eeprom.o
 .debug_info    0x0000000000000000      0x41f ./User/ch32v003fun/inc/eeprom.o
 .debug_abbrev  0x0000000000000000      0x18f ./User/ch32v003fun/inc/eeprom.o
 .debug_loc     0x0000000000000000      0x107 ./User/ch32v003fun/inc/eeprom.o
 .debug_aranges
                0x0000000000000000       0x30 ./User/ch32v003fun/inc/eeprom.o
 .debug_ranges  0x0000000000000000       0x38 ./User/ch32v003fun/inc/eeprom.o
 .debug_line    0x0000000000000000      0x2e0 ./User/ch32v003fun/inc/eeprom.o
 .debug_str     0x0000000000000000      0x2fc ./User/ch32v003fun/inc/eeprom.o
 .comment       0x0000000000000000       0x34 ./User/ch32v003fun/inc/eeprom.o
 .debug_frame   0x0000000000000000       0x7c ./User/ch32v003fun/inc/eeprom.o
 .text          0x0000000000000000        0x0 ./User/ch32v003fun/ch32v003fun.o
 .data          0x0000000000000000        0x0 ./User/ch32v003fun/ch32v003fun.o
 .bss           0x0000000000000000        0x0 ./User/ch32v003fun/ch32v003fun.o
 .text.memset   0x0000000000000000       0x10 ./User/ch32v003fun/ch32v003fun.o
 .text.strcmp   0x0000000000000000       0x22 ./User/ch32v003fun/ch32v003fun.o
 .text.strncmp  0x0000000000000000       0x2a ./User/ch32v003fun/ch32v003fun.o
 .text.strchr   0x0000000000000000       0x36 ./User/ch32v003fun/ch32v003fun.o
 .text.__memrchr
                0x0000000000000000       0x20 ./User/ch32v003fun/ch32v003fun.o
 .text.strrchr  0x0000000000000000       0x30 ./User/ch32v003fun/ch32v003fun.o
 .text.memcpy   0x0000000000000000       0x18 ./User/ch32v003fun/ch32v003fun.o
 .text.memcmp   0x0000000000000000       0x24 ./User/ch32v003fun/ch32v003fun.o
 .text.memmove  0x0000000000000000       0x68 ./User/ch32v003fun/ch32v003fun.o
 .text.memchr   0x0000000000000000       0x1a ./User/ch32v003fun/ch32v003fun.o
 .text.strnlen  0x0000000000000000       0x28 ./User/ch32v003fun/ch32v003fun.o
 .text.twoway_strstr
                0x0000000000000000      0x21c ./User/ch32v003fun/ch32v003fun.o
 .text.strstr   0x0000000000000000      0x130 ./User/ch32v003fun/ch32v003fun.o
 .text.vprintf  0x0000000000000000       0x26 ./User/ch32v003fun/ch32v003fun.o
 .text.mini_vsnprintf
                0x0000000000000000       0x40 ./User/ch32v003fun/ch32v003fun.o
 .text.snprintf
                0x0000000000000000       0x1c ./User/ch32v003fun/ch32v003fun.o
 .text.mini_snprintf
                0x0000000000000000       0x1c ./User/ch32v003fun/ch32v003fun.o
 .text.mini_pprintf
                0x0000000000000000       0x1c ./User/ch32v003fun/ch32v003fun.o
 .text.putchar  0x0000000000000000       0x1a ./User/ch32v003fun/ch32v003fun.o
 .data.ADCPrescTable
                0x0000000000000000       0x14 ./User/ch32v003fun/ch32v003fun.o
 .data.APBAHBPrescTable
                0x0000000000000000       0x10 ./User/ch32v003fun/ch32v003fun.o
 .text          0x0000000000000000        0x0 ./User/ch32v003fun/i2c_tx.o
 .data          0x0000000000000000        0x0 ./User/ch32v003fun/i2c_tx.o
 .bss           0x0000000000000000        0x0 ./User/ch32v003fun/i2c_tx.o
 .text.I2C_init
                0x0000000000000000       0x48 ./User/ch32v003fun/i2c_tx.o
 .text.I2C_start
                0x0000000000000000       0x4a ./User/ch32v003fun/i2c_tx.o
 .text.I2C_write
                0x0000000000000000       0x18 ./User/ch32v003fun/i2c_tx.o
 .text.I2C_stop
                0x0000000000000000       0x1a ./User/ch32v003fun/i2c_tx.o
 .text.I2C_read_ACK
                0x0000000000000000       0x28 ./User/ch32v003fun/i2c_tx.o
 .text.I2C_read_NACK
                0x0000000000000000       0x3c ./User/ch32v003fun/i2c_tx.o
 .text.I2C_check_ACK
                0x0000000000000000       0x12 ./User/ch32v003fun/i2c_tx.o
 .text.I2C_recover
                0x0000000000000000       0x36 ./User/ch32v003fun/i2c_tx.o
 .data.ADCPrescTable
                0x0000000000000000       0x14 ./User/ch32v003fun/i2c_tx.o
 .data.APBAHBPrescTable
                0x0000000000000000       0x10 ./User/ch32v003fun/i2c_tx.o
 .debug_info    0x0000000000000000      0x403 ./User/ch32v003fun/i2c_tx.o
 .debug_abbrev  0x0000000000000000      0x10d ./User/ch32v003fun/i2c_tx.o
 .debug_loc     0x0000000000000000       0x42 ./User/ch32v003fun/i2c_tx.o
 .debug_aranges
                0x0000000000000000       0x58 ./User/ch32v003fun/i2c_tx.o
 .debug_ranges  0x0000000000000000       0x48 ./User/ch32v003fun/i2c_tx.o
 .debug_line    0x0000000000000000      0x58b ./User/ch32v003fun/i2c_tx.o
 .debug_str     0x0000000000000000      0x356 ./User/ch32v003fun/i2c_tx.o
 .comment       0x0000000000000000       0x34 ./User/ch32v003fun/i2c_tx.o
 .debug_frame   0x0000000000000000       0x90 ./User/ch32v003fun/i2c_tx.o
 .text          0x0000000000000000        0x0 ./User/ch32v003fun/oled_min.o
 .data          0x0000000000000000        0x0 ./User/ch32v003fun/oled_min.o
 .bss           0x0000000000000000        0x0 ./User/ch32v003fun/oled_min.o
 .text.OLED_init
                0x0000000000000000       0x56 ./User/ch32v003fun/oled_min.o
 .text.OLED_data_start
                0x0000000000000000       0x28 ./User/ch32v003fun/oled_min.o
 .text.OLED_command_start
                0x0000000000000000       0x26 ./User/ch32v003fun/oled_min.o
 .text.OLED_send_command
                0x0000000000000000       0x3a ./User/ch32v003fun/oled_min.o
 .text.OLED_setpos
                0x0000000000000000       0x60 ./User/ch32v003fun/oled_min.o
 .text.OLED_fill
                0x0000000000000000       0x54 ./User/ch32v003fun/oled_min.o
 .text.OLED_draw_bmp
                0x0000000000000000       0x86 ./User/ch32v003fun/oled_min.o
 .text.OLED_setline
                0x0000000000000000       0x54 ./User/ch32v003fun/oled_min.o
 .text.OLED_clearline
                0x0000000000000000       0x4e ./User/ch32v003fun/oled_min.o
 .text.OLED_clear
                0x0000000000000000       0x4c ./User/ch32v003fun/oled_min.o
 .text.OLED_scrollDisplay
                0x0000000000000000       0x64 ./User/ch32v003fun/oled_min.o
 .text.OLED_plotChar
                0x0000000000000000       0x84 ./User/ch32v003fun/oled_min.o
 .text.OLED_write
                0x0000000000000000       0xa0 ./User/ch32v003fun/oled_min.o
 .text.OLED_print
                0x0000000000000000       0x24 ./User/ch32v003fun/oled_min.o
 .text.OLED_println
                0x0000000000000000       0x22 ./User/ch32v003fun/oled_min.o
 .text.OLED_printD
                0x0000000000000000       0x6e ./User/ch32v003fun/oled_min.o
 .text.OLED_printN
                0x0000000000000000       0x2c ./User/ch32v003fun/oled_min.o
 .text.OLED_printB
                0x0000000000000000       0x28 ./User/ch32v003fun/oled_min.o
 .text.OLED_printW
                0x0000000000000000       0x28 ./User/ch32v003fun/oled_min.o
 .text.OLED_printL
                0x0000000000000000       0x2a ./User/ch32v003fun/oled_min.o
 .bss.column    0x0000000000000000        0x1 ./User/ch32v003fun/oled_min.o
 .bss.line      0x0000000000000000        0x1 ./User/ch32v003fun/oled_min.o
 .bss.scroll    0x0000000000000000        0x1 ./User/ch32v003fun/oled_min.o
 .data.ADCPrescTable
                0x0000000000000000       0x14 ./User/ch32v003fun/oled_min.o
 .data.APBAHBPrescTable
                0x0000000000000000       0x10 ./User/ch32v003fun/oled_min.o
 .rodata.DIVIDER
                0x0000000000000000       0x28 ./User/ch32v003fun/oled_min.o
 .rodata.OLED_FONT
                0x0000000000000000      0x1e0 ./User/ch32v003fun/oled_min.o
 .rodata.OLED_INIT_CMD
                0x0000000000000000       0x11 ./User/ch32v003fun/oled_min.o
 .debug_info    0x0000000000000000      0xa51 ./User/ch32v003fun/oled_min.o
 .debug_abbrev  0x0000000000000000      0x1c1 ./User/ch32v003fun/oled_min.o
 .debug_loc     0x0000000000000000      0x4db ./User/ch32v003fun/oled_min.o
 .debug_aranges
                0x0000000000000000       0xb8 ./User/ch32v003fun/oled_min.o
 .debug_ranges  0x0000000000000000      0x108 ./User/ch32v003fun/oled_min.o
 .debug_line    0x0000000000000000      0xad5 ./User/ch32v003fun/oled_min.o
 .debug_str     0x0000000000000000      0x37d ./User/ch32v003fun/oled_min.o
 .comment       0x0000000000000000       0x34 ./User/ch32v003fun/oled_min.o
 .debug_frame   0x0000000000000000      0x28c ./User/ch32v003fun/oled_min.o
 .text          0x0000000000000000        0x0 ./User/main.o
 .data          0x0000000000000000        0x0 ./User/main.o
 .bss           0x0000000000000000        0x0 ./User/main.o
 .text.lower_half_ADC_channel
                0x0000000000000000       0x1a ./User/main.o
 .text.upper_half_ADC_channel
                0x0000000000000000       0x1a ./User/main.o
 .text.i2c_ping
                0x0000000000000000       0x9e ./User/main.o
 .text.i2c_scan
                0x0000000000000000       0xc8 ./User/main.o
 .text.i2c_write_pages
                0x0000000000000000       0x7c ./User/main.o
 .text.i2c_read_pages
                0x0000000000000000       0x7c ./User/main.o
 .text.color_divide
                0x0000000000000000       0x62 ./User/main.o
 .text.set_color_no_div
                0x0000000000000000       0x24 ./User/main.o
 .text.gpio_init_act
                0x0000000000000000       0x3a ./User/main.o
 .text.gpio_act_pressed
                0x0000000000000000       0x10 ./User/main.o
 .text.ADC_init
                0x0000000000000000       0x18 ./User/main.o
 .text.ADC_read
                0x0000000000000000       0x1a ./User/main.o
 .text.matrix_pressed
                0x0000000000000000       0x56 ./User/main.o
 .text.matrix_pressed_panel
                0x0000000000000000       0x5c ./User/main.o
 .text.matrix_pressed_two
                0x0000000000000000       0xd6 ./User/main.o
 .text.JOY_setseed_default
                0x0000000000000000       0x10 ./User/main.o
 .text.JOY_setseed
                0x0000000000000000        0xa ./User/main.o
 .text.convertDuration
                0x0000000000000000       0x5e ./User/main.o
 .text.playMusic
                0x0000000000000000       0x60 ./User/main.o
 .text.playAllMusic
                0x0000000000000000       0x20 ./User/main.o
 .text.clear_board
                0x0000000000000000       0x1e ./User/main.o
 .text.check_apple
                0x0000000000000000       0x1a ./User/main.o
 .text.show_score_history
                0x0000000000000000      0x114 ./User/main.o
 .text.load_all_names
                0x0000000000000000       0x3a ./User/main.o
 .data.ADCPrescTable
                0x0000000000000000       0x14 ./User/main.o
 .data.APBAHBPrescTable
                0x0000000000000000       0x10 ./User/main.o
 .data.ballColor
                0x0000000000000000        0x3 ./User/main.o
 .data.brickColor
                0x0000000000000000        0x3 ./User/main.o
 .data.paddleColor
                0x0000000000000000        0x3 ./User/main.o
 .rodata.buttons
                0x0000000000000000      0x100 ./User/main.o
 .rodata.buttonsPanel
                0x0000000000000000       0x24 ./User/main.o
 .rodata.colors
                0x0000000000000000       0xc0 ./User/main.o
 .rodata.convertDuration.cst8
                0x0000000000000000        0x8 ./User/main.o
 .rodata.font_char_count
                0x0000000000000000        0x1 ./User/main.o
 .rodata.i2c_scan.str1.4
                0x0000000000000000       0x2a ./User/main.o
 .rodata.matrix_pressed_two.str1.4
                0x0000000000000000       0x1f ./User/main.o
 .rodata.melody
                0x0000000000000000       0x68 ./User/main.o
 .rodata.notes  0x0000000000000000        0x4 ./User/main.o
 .rodata.num_colors
                0x0000000000000000        0x2 ./User/main.o
 .rodata.num_fonts
                0x0000000000000000        0x4 ./User/main.o
 .rodata.tempo  0x0000000000000000        0x4 ./User/main.o
 .rodata.wholenote
                0x0000000000000000        0x4 ./User/main.o
 .text          0x0000000000000000        0x0 ./Startup/startup_ch32v00x.o
 .data          0x0000000000000000        0x0 ./Startup/startup_ch32v00x.o
 .bss           0x0000000000000000        0x0 ./Startup/startup_ch32v00x.o
 .text.vector_handler
                0x0000000000000000        0x2 ./Startup/startup_ch32v00x.o
 .text.handle_reset
                0x0000000000000000       0x90 ./Startup/startup_ch32v00x.o
 .text          0x0000000000000000        0x0 ./Core/core_riscv.o
 .data          0x0000000000000000        0x0 ./Core/core_riscv.o
 .bss           0x0000000000000000        0x0 ./Core/core_riscv.o
 .text.__get_MSTATUS
                0x0000000000000000        0x6 ./Core/core_riscv.o
 .text.__set_MSTATUS
                0x0000000000000000        0x6 ./Core/core_riscv.o
 .text.__get_MISA
                0x0000000000000000        0x6 ./Core/core_riscv.o
 .text.__set_MISA
                0x0000000000000000        0x6 ./Core/core_riscv.o
 .text.__get_MTVEC
                0x0000000000000000        0x6 ./Core/core_riscv.o
 .text.__set_MTVEC
                0x0000000000000000        0x6 ./Core/core_riscv.o
 .text.__get_MSCRATCH
                0x0000000000000000        0x6 ./Core/core_riscv.o
 .text.__set_MSCRATCH
                0x0000000000000000        0x6 ./Core/core_riscv.o
 .text.__get_MEPC
                0x0000000000000000        0x6 ./Core/core_riscv.o
 .text.__set_MEPC
                0x0000000000000000        0x6 ./Core/core_riscv.o
 .text.__get_MCAUSE
                0x0000000000000000        0x6 ./Core/core_riscv.o
 .text.__set_MCAUSE
                0x0000000000000000        0x6 ./Core/core_riscv.o
 .text.__get_MVENDORID
                0x0000000000000000        0x6 ./Core/core_riscv.o
 .text.__get_MARCHID
                0x0000000000000000        0x6 ./Core/core_riscv.o
 .text.__get_MIMPID
                0x0000000000000000        0x6 ./Core/core_riscv.o
 .text.__get_MHARTID
                0x0000000000000000        0x6 ./Core/core_riscv.o
 .text.__get_SP
                0x0000000000000000        0x4 ./Core/core_riscv.o
 .debug_info    0x0000000000000000      0x324 ./Core/core_riscv.o
 .debug_abbrev  0x0000000000000000       0xe0 ./Core/core_riscv.o
 .debug_aranges
                0x0000000000000000       0xa0 ./Core/core_riscv.o
 .debug_ranges  0x0000000000000000       0x90 ./Core/core_riscv.o
 .debug_line    0x0000000000000000      0x3f2 ./Core/core_riscv.o
 .debug_str     0x0000000000000000      0x279 ./Core/core_riscv.o
 .comment       0x0000000000000000       0x34 ./Core/core_riscv.o
 .debug_frame   0x0000000000000000      0x120 ./Core/core_riscv.o
 .text          0x0000000000000000        0x0 c:/mounriver/mounriver_studio/toolchain/risc-v embedded gcc/bin/../lib/gcc/riscv-none-embed/8.2.0/rv32ecxw/ilp32e\libgcc.a(_udivdi3.o)
 .data          0x0000000000000000        0x0 c:/mounriver/mounriver_studio/toolchain/risc-v embedded gcc/bin/../lib/gcc/riscv-none-embed/8.2.0/rv32ecxw/ilp32e\libgcc.a(_udivdi3.o)
 .bss           0x0000000000000000        0x0 c:/mounriver/mounriver_studio/toolchain/risc-v embedded gcc/bin/../lib/gcc/riscv-none-embed/8.2.0/rv32ecxw/ilp32e\libgcc.a(_udivdi3.o)
 .eh_frame      0x0000000000000000       0x58 c:/mounriver/mounriver_studio/toolchain/risc-v embedded gcc/bin/../lib/gcc/riscv-none-embed/8.2.0/rv32ecxw/ilp32e\libgcc.a(_udivdi3.o)
 .text          0x0000000000000000        0x0 c:/mounriver/mounriver_studio/toolchain/risc-v embedded gcc/bin/../lib/gcc/riscv-none-embed/8.2.0/rv32ecxw/ilp32e\libgcc.a(muldf3.o)
 .data          0x0000000000000000        0x0 c:/mounriver/mounriver_studio/toolchain/risc-v embedded gcc/bin/../lib/gcc/riscv-none-embed/8.2.0/rv32ecxw/ilp32e\libgcc.a(muldf3.o)
 .bss           0x0000000000000000        0x0 c:/mounriver/mounriver_studio/toolchain/risc-v embedded gcc/bin/../lib/gcc/riscv-none-embed/8.2.0/rv32ecxw/ilp32e\libgcc.a(muldf3.o)
 .text.__muldf3
                0x0000000000000000      0x5d2 c:/mounriver/mounriver_studio/toolchain/risc-v embedded gcc/bin/../lib/gcc/riscv-none-embed/8.2.0/rv32ecxw/ilp32e\libgcc.a(muldf3.o)
 .rodata.__muldf3
                0x0000000000000000       0x40 c:/mounriver/mounriver_studio/toolchain/risc-v embedded gcc/bin/../lib/gcc/riscv-none-embed/8.2.0/rv32ecxw/ilp32e\libgcc.a(muldf3.o)
 .debug_frame   0x0000000000000000       0x38 c:/mounriver/mounriver_studio/toolchain/risc-v embedded gcc/bin/../lib/gcc/riscv-none-embed/8.2.0/rv32ecxw/ilp32e\libgcc.a(muldf3.o)
 .text          0x0000000000000000        0x0 c:/mounriver/mounriver_studio/toolchain/risc-v embedded gcc/bin/../lib/gcc/riscv-none-embed/8.2.0/rv32ecxw/ilp32e\libgcc.a(fixdfsi.o)
 .data          0x0000000000000000        0x0 c:/mounriver/mounriver_studio/toolchain/risc-v embedded gcc/bin/../lib/gcc/riscv-none-embed/8.2.0/rv32ecxw/ilp32e\libgcc.a(fixdfsi.o)
 .bss           0x0000000000000000        0x0 c:/mounriver/mounriver_studio/toolchain/risc-v embedded gcc/bin/../lib/gcc/riscv-none-embed/8.2.0/rv32ecxw/ilp32e\libgcc.a(fixdfsi.o)
 .text.__fixdfsi
                0x0000000000000000       0x68 c:/mounriver/mounriver_studio/toolchain/risc-v embedded gcc/bin/../lib/gcc/riscv-none-embed/8.2.0/rv32ecxw/ilp32e\libgcc.a(fixdfsi.o)
 .debug_frame   0x0000000000000000       0x20 c:/mounriver/mounriver_studio/toolchain/risc-v embedded gcc/bin/../lib/gcc/riscv-none-embed/8.2.0/rv32ecxw/ilp32e\libgcc.a(fixdfsi.o)
 .text          0x0000000000000000        0x0 c:/mounriver/mounriver_studio/toolchain/risc-v embedded gcc/bin/../lib/gcc/riscv-none-embed/8.2.0/rv32ecxw/ilp32e\libgcc.a(floatsidf.o)
 .data          0x0000000000000000        0x0 c:/mounriver/mounriver_studio/toolchain/risc-v embedded gcc/bin/../lib/gcc/riscv-none-embed/8.2.0/rv32ecxw/ilp32e\libgcc.a(floatsidf.o)
 .bss           0x0000000000000000        0x0 c:/mounriver/mounriver_studio/toolchain/risc-v embedded gcc/bin/../lib/gcc/riscv-none-embed/8.2.0/rv32ecxw/ilp32e\libgcc.a(floatsidf.o)
 .text.__floatsidf
                0x0000000000000000       0x76 c:/mounriver/mounriver_studio/toolchain/risc-v embedded gcc/bin/../lib/gcc/riscv-none-embed/8.2.0/rv32ecxw/ilp32e\libgcc.a(floatsidf.o)
 .debug_frame   0x0000000000000000       0x38 c:/mounriver/mounriver_studio/toolchain/risc-v embedded gcc/bin/../lib/gcc/riscv-none-embed/8.2.0/rv32ecxw/ilp32e\libgcc.a(floatsidf.o)
 .data          0x0000000000000000        0x0 c:/mounriver/mounriver_studio/toolchain/risc-v embedded gcc/bin/../lib/gcc/riscv-none-embed/8.2.0/rv32ecxw/ilp32e\libgcc.a(save-restore.o)
 .bss           0x0000000000000000        0x0 c:/mounriver/mounriver_studio/toolchain/risc-v embedded gcc/bin/../lib/gcc/riscv-none-embed/8.2.0/rv32ecxw/ilp32e\libgcc.a(save-restore.o)
 .eh_frame      0x0000000000000000       0x68 c:/mounriver/mounriver_studio/toolchain/risc-v embedded gcc/bin/../lib/gcc/riscv-none-embed/8.2.0/rv32ecxw/ilp32e\libgcc.a(save-restore.o)
 .data          0x0000000000000000        0x0 c:/mounriver/mounriver_studio/toolchain/risc-v embedded gcc/bin/../lib/gcc/riscv-none-embed/8.2.0/rv32ecxw/ilp32e\libgcc.a(muldi3.o)
 .bss           0x0000000000000000        0x0 c:/mounriver/mounriver_studio/toolchain/risc-v embedded gcc/bin/../lib/gcc/riscv-none-embed/8.2.0/rv32ecxw/ilp32e\libgcc.a(muldi3.o)
 .data          0x0000000000000000        0x0 c:/mounriver/mounriver_studio/toolchain/risc-v embedded gcc/bin/../lib/gcc/riscv-none-embed/8.2.0/rv32ecxw/ilp32e\libgcc.a(div.o)
 .bss           0x0000000000000000        0x0 c:/mounriver/mounriver_studio/toolchain/risc-v embedded gcc/bin/../lib/gcc/riscv-none-embed/8.2.0/rv32ecxw/ilp32e\libgcc.a(div.o)
 .text          0x0000000000000000        0x0 c:/mounriver/mounriver_studio/toolchain/risc-v embedded gcc/bin/../lib/gcc/riscv-none-embed/8.2.0/rv32ecxw/ilp32e\libgcc.a(_clz.o)
 .data          0x0000000000000000        0x0 c:/mounriver/mounriver_studio/toolchain/risc-v embedded gcc/bin/../lib/gcc/riscv-none-embed/8.2.0/rv32ecxw/ilp32e\libgcc.a(_clz.o)
 .bss           0x0000000000000000        0x0 c:/mounriver/mounriver_studio/toolchain/risc-v embedded gcc/bin/../lib/gcc/riscv-none-embed/8.2.0/rv32ecxw/ilp32e\libgcc.a(_clz.o)
 .text          0x0000000000000000        0x0 c:/mounriver/mounriver_studio/toolchain/risc-v embedded gcc/bin/../lib/gcc/riscv-none-embed/8.2.0/rv32ecxw/ilp32e\libgcc.a(_clzsi2.o)
 .data          0x0000000000000000        0x0 c:/mounriver/mounriver_studio/toolchain/risc-v embedded gcc/bin/../lib/gcc/riscv-none-embed/8.2.0/rv32ecxw/ilp32e\libgcc.a(_clzsi2.o)
 .bss           0x0000000000000000        0x0 c:/mounriver/mounriver_studio/toolchain/risc-v embedded gcc/bin/../lib/gcc/riscv-none-embed/8.2.0/rv32ecxw/ilp32e\libgcc.a(_clzsi2.o)
 .text.__clzsi2
                0x0000000000000000       0x6e c:/mounriver/mounriver_studio/toolchain/risc-v embedded gcc/bin/../lib/gcc/riscv-none-embed/8.2.0/rv32ecxw/ilp32e\libgcc.a(_clzsi2.o)
 .debug_frame   0x0000000000000000       0x20 c:/mounriver/mounriver_studio/toolchain/risc-v embedded gcc/bin/../lib/gcc/riscv-none-embed/8.2.0/rv32ecxw/ilp32e\libgcc.a(_clzsi2.o)
 .text          0x0000000000000000        0x0 c:/mounriver/mounriver_studio/toolchain/risc-v embedded gcc/bin/../lib/gcc/riscv-none-embed/8.2.0/../../../../riscv-none-embed/lib/rv32ecxw/ilp32e\libg_nano.a(lib_a-malloc.o)
 .data          0x0000000000000000        0x0 c:/mounriver/mounriver_studio/toolchain/risc-v embedded gcc/bin/../lib/gcc/riscv-none-embed/8.2.0/../../../../riscv-none-embed/lib/rv32ecxw/ilp32e\libg_nano.a(lib_a-malloc.o)
 .bss           0x0000000000000000        0x0 c:/mounriver/mounriver_studio/toolchain/risc-v embedded gcc/bin/../lib/gcc/riscv-none-embed/8.2.0/../../../../riscv-none-embed/lib/rv32ecxw/ilp32e\libg_nano.a(lib_a-malloc.o)
 .text.free     0x0000000000000000       0x14 c:/mounriver/mounriver_studio/toolchain/risc-v embedded gcc/bin/../lib/gcc/riscv-none-embed/8.2.0/../../../../riscv-none-embed/lib/rv32ecxw/ilp32e\libg_nano.a(lib_a-malloc.o)
 .text          0x0000000000000000        0x0 c:/mounriver/mounriver_studio/toolchain/risc-v embedded gcc/bin/../lib/gcc/riscv-none-embed/8.2.0/../../../../riscv-none-embed/lib/rv32ecxw/ilp32e\libg_nano.a(lib_a-nano-freer.o)
 .data          0x0000000000000000        0x0 c:/mounriver/mounriver_studio/toolchain/risc-v embedded gcc/bin/../lib/gcc/riscv-none-embed/8.2.0/../../../../riscv-none-embed/lib/rv32ecxw/ilp32e\libg_nano.a(lib_a-nano-freer.o)
 .bss           0x0000000000000000        0x0 c:/mounriver/mounriver_studio/toolchain/risc-v embedded gcc/bin/../lib/gcc/riscv-none-embed/8.2.0/../../../../riscv-none-embed/lib/rv32ecxw/ilp32e\libg_nano.a(lib_a-nano-freer.o)
 .text._free_r  0x0000000000000000       0xb8 c:/mounriver/mounriver_studio/toolchain/risc-v embedded gcc/bin/../lib/gcc/riscv-none-embed/8.2.0/../../../../riscv-none-embed/lib/rv32ecxw/ilp32e\libg_nano.a(lib_a-nano-freer.o)
 .debug_frame   0x0000000000000000       0x40 c:/mounriver/mounriver_studio/toolchain/risc-v embedded gcc/bin/../lib/gcc/riscv-none-embed/8.2.0/../../../../riscv-none-embed/lib/rv32ecxw/ilp32e\libg_nano.a(lib_a-nano-freer.o)
 .text          0x0000000000000000        0x0 c:/mounriver/mounriver_studio/toolchain/risc-v embedded gcc/bin/../lib/gcc/riscv-none-embed/8.2.0/../../../../riscv-none-embed/lib/rv32ecxw/ilp32e\libg_nano.a(lib_a-nano-mallocr.o)
 .data          0x0000000000000000        0x0 c:/mounriver/mounriver_studio/toolchain/risc-v embedded gcc/bin/../lib/gcc/riscv-none-embed/8.2.0/../../../../riscv-none-embed/lib/rv32ecxw/ilp32e\libg_nano.a(lib_a-nano-mallocr.o)
 .bss           0x0000000000000000        0x0 c:/mounriver/mounriver_studio/toolchain/risc-v embedded gcc/bin/../lib/gcc/riscv-none-embed/8.2.0/../../../../riscv-none-embed/lib/rv32ecxw/ilp32e\libg_nano.a(lib_a-nano-mallocr.o)
 .text          0x0000000000000000        0x0 c:/mounriver/mounriver_studio/toolchain/risc-v embedded gcc/bin/../lib/gcc/riscv-none-embed/8.2.0/../../../../riscv-none-embed/lib/rv32ecxw/ilp32e\libg_nano.a(lib_a-sbrkr.o)
 .data          0x0000000000000000        0x0 c:/mounriver/mounriver_studio/toolchain/risc-v embedded gcc/bin/../lib/gcc/riscv-none-embed/8.2.0/../../../../riscv-none-embed/lib/rv32ecxw/ilp32e\libg_nano.a(lib_a-sbrkr.o)
 .bss           0x0000000000000000        0x0 c:/mounriver/mounriver_studio/toolchain/risc-v embedded gcc/bin/../lib/gcc/riscv-none-embed/8.2.0/../../../../riscv-none-embed/lib/rv32ecxw/ilp32e\libg_nano.a(lib_a-sbrkr.o)
 .text          0x0000000000000000        0x0 c:/mounriver/mounriver_studio/toolchain/risc-v embedded gcc/bin/../lib/gcc/riscv-none-embed/8.2.0/../../../../riscv-none-embed/lib/rv32ecxw/ilp32e\libg_nano.a(lib_a-impure.o)
 .data          0x0000000000000000        0x0 c:/mounriver/mounriver_studio/toolchain/risc-v embedded gcc/bin/../lib/gcc/riscv-none-embed/8.2.0/../../../../riscv-none-embed/lib/rv32ecxw/ilp32e\libg_nano.a(lib_a-impure.o)
 .bss           0x0000000000000000        0x0 c:/mounriver/mounriver_studio/toolchain/risc-v embedded gcc/bin/../lib/gcc/riscv-none-embed/8.2.0/../../../../riscv-none-embed/lib/rv32ecxw/ilp32e\libg_nano.a(lib_a-impure.o)
 .sdata2._global_impure_ptr
                0x0000000000000000        0x4 c:/mounriver/mounriver_studio/toolchain/risc-v embedded gcc/bin/../lib/gcc/riscv-none-embed/8.2.0/../../../../riscv-none-embed/lib/rv32ecxw/ilp32e\libg_nano.a(lib_a-impure.o)
 .text          0x0000000000000000        0x0 c:/mounriver/mounriver_studio/toolchain/risc-v embedded gcc/bin/../lib/gcc/riscv-none-embed/8.2.0/../../../../riscv-none-embed/lib/rv32ecxw/ilp32e\libg_nano.a(lib_a-mlock.o)
 .data          0x0000000000000000        0x0 c:/mounriver/mounriver_studio/toolchain/risc-v embedded gcc/bin/../lib/gcc/riscv-none-embed/8.2.0/../../../../riscv-none-embed/lib/rv32ecxw/ilp32e\libg_nano.a(lib_a-mlock.o)
 .bss           0x0000000000000000        0x0 c:/mounriver/mounriver_studio/toolchain/risc-v embedded gcc/bin/../lib/gcc/riscv-none-embed/8.2.0/../../../../riscv-none-embed/lib/rv32ecxw/ilp32e\libg_nano.a(lib_a-mlock.o)
 .text          0x0000000000000000        0x0 c:/mounriver/mounriver_studio/toolchain/risc-v embedded gcc/bin/../lib/gcc/riscv-none-embed/8.2.0/../../../../riscv-none-embed/lib/rv32ecxw/ilp32e\libnosys.a(sbrk.o)
 .data          0x0000000000000000        0x0 c:/mounriver/mounriver_studio/toolchain/risc-v embedded gcc/bin/../lib/gcc/riscv-none-embed/8.2.0/../../../../riscv-none-embed/lib/rv32ecxw/ilp32e\libnosys.a(sbrk.o)
 .bss           0x0000000000000000        0x0 c:/mounriver/mounriver_studio/toolchain/risc-v embedded gcc/bin/../lib/gcc/riscv-none-embed/8.2.0/../../../../riscv-none-embed/lib/rv32ecxw/ilp32e\libnosys.a(sbrk.o)

Memory Configuration

Name             Origin             Length             Attributes
FLASH            0x0000000000000000 0x0000000000004000 xr
RAM              0x0000000020000000 0x0000000000000800 xrw
*default*        0x0000000000000000 0xffffffffffffffff

Linker script and memory map

LOAD ./User/ch32v003fun/inc/eeprom.o
LOAD ./User/ch32v003fun/ch32v003fun.o
LOAD ./User/ch32v003fun/i2c_tx.o
LOAD ./User/ch32v003fun/oled_min.o
LOAD ./User/main.o
LOAD ./Startup/startup_ch32v00x.o
LOAD ./Core/core_riscv.o
LOAD c:/mounriver/mounriver_studio/toolchain/risc-v embedded gcc/bin/../lib/gcc/riscv-none-embed/8.2.0/../../../../riscv-none-embed/lib/rv32ecxw/ilp32e\libprintf.a
LOAD c:/mounriver/mounriver_studio/toolchain/risc-v embedded gcc/bin/../lib/gcc/riscv-none-embed/8.2.0/rv32ecxw/ilp32e\libgcc.a
LOAD c:/mounriver/mounriver_studio/toolchain/risc-v embedded gcc/bin/../lib/gcc/riscv-none-embed/8.2.0/../../../../riscv-none-embed/lib/rv32ecxw/ilp32e\libg_nano.a
LOAD c:/mounriver/mounriver_studio/toolchain/risc-v embedded gcc/bin/../lib/gcc/riscv-none-embed/8.2.0/../../../../riscv-none-embed/lib/rv32ecxw/ilp32e\libc_nano.a
LOAD c:/mounriver/mounriver_studio/toolchain/risc-v embedded gcc/bin/../lib/gcc/riscv-none-embed/8.2.0/rv32ecxw/ilp32e\libgcc.a
START GROUP
LOAD c:/mounriver/mounriver_studio/toolchain/risc-v embedded gcc/bin/../lib/gcc/riscv-none-embed/8.2.0/rv32ecxw/ilp32e\libgcc.a
LOAD c:/mounriver/mounriver_studio/toolchain/risc-v embedded gcc/bin/../lib/gcc/riscv-none-embed/8.2.0/../../../../riscv-none-embed/lib/rv32ecxw/ilp32e\libc_nano.a
LOAD c:/mounriver/mounriver_studio/toolchain/risc-v embedded gcc/bin/../lib/gcc/riscv-none-embed/8.2.0/../../../../riscv-none-embed/lib/rv32ecxw/ilp32e\libnosys.a
END GROUP
START GROUP
LOAD c:/mounriver/mounriver_studio/toolchain/risc-v embedded gcc/bin/../lib/gcc/riscv-none-embed/8.2.0/rv32ecxw/ilp32e\libgcc.a
LOAD c:/mounriver/mounriver_studio/toolchain/risc-v embedded gcc/bin/../lib/gcc/riscv-none-embed/8.2.0/../../../../riscv-none-embed/lib/rv32ecxw/ilp32e\libc_nano.a
LOAD c:/mounriver/mounriver_studio/toolchain/risc-v embedded gcc/bin/../lib/gcc/riscv-none-embed/8.2.0/../../../../riscv-none-embed/lib/rv32ecxw/ilp32e\libnosys.a
END GROUP
                0x0000000000000100                __stack_size = 0x100
                [!provide]                        PROVIDE (_stack_size = __stack_size)

.init           0x0000000000000000      0x140
                0x0000000000000000                _sinit = .
                0x0000000000000000                . = ALIGN (0x4)
 *(SORT_NONE(.init))
 .init          0x0000000000000000       0x9e ./User/ch32v003fun/ch32v003fun.o
                0x0000000000000000                InterruptVector
                0x0000000000000000                InterruptVectorDefault
 *fill*         0x000000000000009e        0x2 
 .init          0x00000000000000a0       0x9e ./Startup/startup_ch32v00x.o
                0x00000000000000a0                _start
                0x0000000000000140                . = ALIGN (0x4)
 *fill*         0x000000000000013e        0x2 
                0x0000000000000140                _einit = .

.text           0x0000000000000140     0x30f8
                0x0000000000000140                . = ALIGN (0x4)
 *(.text)
 .text          0x0000000000000140       0x14 c:/mounriver/mounriver_studio/toolchain/risc-v embedded gcc/bin/../lib/gcc/riscv-none-embed/8.2.0/rv32ecxw/ilp32e\libgcc.a(save-restore.o)
                0x0000000000000140                __riscv_save_1
                0x0000000000000140                __riscv_save_2
                0x0000000000000140                __riscv_save_0
                0x000000000000014a                __riscv_restore_0
                0x000000000000014a                __riscv_restore_1
                0x000000000000014a                __riscv_restore_2
 .text          0x0000000000000154       0x16 c:/mounriver/mounriver_studio/toolchain/risc-v embedded gcc/bin/../lib/gcc/riscv-none-embed/8.2.0/rv32ecxw/ilp32e\libgcc.a(muldi3.o)
                0x0000000000000154                __mulsi3
 *fill*         0x000000000000016a        0x2 
 .text          0x000000000000016c       0x7e c:/mounriver/mounriver_studio/toolchain/risc-v embedded gcc/bin/../lib/gcc/riscv-none-embed/8.2.0/rv32ecxw/ilp32e\libgcc.a(div.o)
                0x000000000000016c                __divsi3
                0x0000000000000174                __udivsi3
                0x00000000000001a0                __umodsi3
                0x00000000000001c4                __modsi3
 *(.text.*)
 .text.mini_pad
                0x00000000000001ea       0x84 ./User/ch32v003fun/ch32v003fun.o
 .text._puts    0x000000000000026e       0x3e ./User/ch32v003fun/ch32v003fun.o
 .text.mini_itoa.part.0
                0x00000000000002ac       0xba ./User/ch32v003fun/ch32v003fun.o
 .text.handle_reset
                0x0000000000000366       0x76 ./User/ch32v003fun/ch32v003fun.o
                0x0000000000000366                handle_reset
 .text.vector_handler
                0x00000000000003dc       0x10 ./User/ch32v003fun/ch32v003fun.o
                0x00000000000003dc                TIM1_CC_IRQHandler
                0x00000000000003dc                HardFault_Handler
                0x00000000000003dc                SysTick_Handler
                0x00000000000003dc                PVD_IRQHandler
                0x00000000000003dc                USART1_IRQHandler
                0x00000000000003dc                SPI1_IRQHandler
                0x00000000000003dc                AWU_IRQHandler
                0x00000000000003dc                EXTI7_0_IRQHandler
                0x00000000000003dc                DMA1_Channel4_IRQHandler
                0x00000000000003dc                ADC1_IRQHandler
                0x00000000000003dc                DMA1_Channel7_IRQHandler
                0x00000000000003dc                I2C1_EV_IRQHandler
                0x00000000000003dc                DMA1_Channel6_IRQHandler
                0x00000000000003dc                RCC_IRQHandler
                0x00000000000003dc                TIM1_TRG_COM_IRQHandler
                0x00000000000003dc                DMA1_Channel1_IRQHandler
                0x00000000000003dc                DefaultIRQHandler
                0x00000000000003dc                FLASH_IRQHandler
                0x00000000000003dc                DMA1_Channel5_IRQHandler
                0x00000000000003dc                DMA1_Channel3_IRQHandler
                0x00000000000003dc                TIM1_UP_IRQHandler
                0x00000000000003dc                WWDG_IRQHandler
                0x00000000000003dc                TIM2_IRQHandler
                0x00000000000003dc                SW_Handler
                0x00000000000003dc                TIM1_BRK_IRQHandler
                0x00000000000003dc                DMA1_Channel2_IRQHandler
                0x00000000000003dc                I2C1_ER_IRQHandler
                0x00000000000003de                NMI_Handler
                0x00000000000003de                NMI_RCC_CSS_IRQHandler
 .text.strlen   0x00000000000003ec       0x12 ./User/ch32v003fun/ch32v003fun.o
                0x00000000000003ec                strlen
 .text.strcpy   0x00000000000003fe       0x10 ./User/ch32v003fun/ch32v003fun.o
                0x00000000000003fe                strcpy
 .text.strncpy  0x000000000000040e       0x16 ./User/ch32v003fun/ch32v003fun.o
                0x000000000000040e                strncpy
 .text.mini_vpprintf
                0x0000000000000424      0x1a4 ./User/ch32v003fun/ch32v003fun.o
                0x0000000000000424                mini_vpprintf
 .text.printf   0x00000000000005c8       0x2a ./User/ch32v003fun/ch32v003fun.o
                0x00000000000005c8                printf
 .text.SetupUART
                0x00000000000005f2       0x5a ./User/ch32v003fun/ch32v003fun.o
                0x00000000000005f2                SetupUART
 .text._write   0x000000000000064c       0x28 ./User/ch32v003fun/ch32v003fun.o
                0x000000000000064c                _write
 .text.__puts_uart
                0x0000000000000674       0x12 ./User/ch32v003fun/ch32v003fun.o
 .text.puts     0x0000000000000686       0x2a ./User/ch32v003fun/ch32v003fun.o
                0x0000000000000686                puts
 .text.DelaySysTick
                0x00000000000006b0       0x16 ./User/ch32v003fun/ch32v003fun.o
                0x00000000000006b0                DelaySysTick
 .text.SystemInit
                0x00000000000006c6       0x52 ./User/ch32v003fun/ch32v003fun.o
                0x00000000000006c6                SystemInit
 .text.i2c_chk_evt
                0x0000000000000718       0x1c ./User/main.o
 .text.GPIO_ADCinit
                0x0000000000000734       0xa0 ./User/main.o
 .text.GPIO_analogRead
                0x00000000000007d4       0x3a ./User/main.o
 .text.i2c_setup
                0x000000000000080e       0x4c ./User/main.o
                0x000000000000080e                i2c_setup
 .text.i2c_init
                0x000000000000085a       0x60 ./User/main.o
                0x000000000000085a                i2c_init
 .text.i2c_write
                0x00000000000008ba      0x116 ./User/main.o
                0x00000000000008ba                i2c_write
 .text.save_name.part.8
                0x00000000000009d0       0x4a ./User/main.o
 .text.i2c_read
                0x0000000000000a1a      0x17e ./User/main.o
                0x0000000000000a1a                i2c_read
 .text.set_color
                0x0000000000000b98       0xb4 ./User/main.o
                0x0000000000000b98                set_color
 .text.clear    0x0000000000000c4c       0x28 ./User/main.o
 .text.font_draw
                0x0000000000000c74       0x56 ./User/main.o
 .text.ADC_read_pad
                0x0000000000000cca        0xc ./User/main.o
                0x0000000000000cca                ADC_read_pad
 .text.ADC_read_smallboard
                0x0000000000000cd6        0xa ./User/main.o
                0x0000000000000cd6                ADC_read_smallboard
 .text.multiple_ADC_reads
                0x0000000000000ce0       0x52 ./User/main.o
                0x0000000000000ce0                multiple_ADC_reads
 .text.JOY_check_button
                0x0000000000000d32      0x12e ./User/main.o
                0x0000000000000d32                JOY_check_button
 .text.JOY_random
                0x0000000000000e60       0x22 ./User/main.o
                0x0000000000000e60                JOY_random
 .text.JOY_sound
                0x0000000000000e82       0xa4 ./User/main.o
                0x0000000000000e82                JOY_sound
 .text.WS2812BSimpleSend
                0x0000000000000f26       0xd6 ./User/main.o
                0x0000000000000f26                WS2812BSimpleSend
 .text.generate_apple
                0x0000000000000ffc       0x28 ./User/main.o
                0x0000000000000ffc                generate_apple
 .text.game_init
                0x0000000000001024       0x50 ./User/main.o
                0x0000000000001024                game_init
 .text.display  0x0000000000001074       0xbe ./User/main.o
                0x0000000000001074                display
 .text.get_new_direction
                0x0000000000001132       0x76 ./User/main.o
                0x0000000000001132                get_new_direction
 .text.check_collision
                0x00000000000011a8       0x68 ./User/main.o
                0x00000000000011a8                check_collision
 .text.move_snake
                0x0000000000001210       0xac ./User/main.o
                0x0000000000001210                move_snake
 .text.show_current_score
                0x00000000000012bc       0x70 ./User/main.o
                0x00000000000012bc                show_current_score
 .text.display_letter
                0x000000000000132c       0x76 ./User/main.o
                0x000000000000132c                display_letter
 .text.save_currentScore_EEPROM
                0x00000000000013a2       0xce ./User/main.o
                0x00000000000013a2                save_currentScore_EEPROM
 .text.save_id  0x0000000000001470       0x3c ./User/main.o
                0x0000000000001470                save_id
 .text.load_id  0x00000000000014ac       0x34 ./User/main.o
                0x00000000000014ac                load_id
 .text.save_name
                0x00000000000014e0       0x14 ./User/main.o
                0x00000000000014e0                save_name
 .text.load_name
                0x00000000000014f4       0x52 ./User/main.o
                0x00000000000014f4                load_name
 .text.get_current_user_name
                0x0000000000001546       0x22 ./User/main.o
                0x0000000000001546                get_current_user_name
 .text.load_scores
                0x0000000000001568       0x8a ./User/main.o
                0x0000000000001568                load_scores
 .text.reveal_all_scores
                0x00000000000015f2      0x17e ./User/main.o
                0x00000000000015f2                reveal_all_scores
 .text.is_storage_initialized
                0x0000000000001770       0x44 ./User/main.o
                0x0000000000001770                is_storage_initialized
 .text.reset_storage
                0x00000000000017b4       0x6a ./User/main.o
                0x00000000000017b4                reset_storage
 .text.reset_all_scores
                0x000000000000181e       0x16 ./User/main.o
                0x000000000000181e                reset_all_scores
 .text.init_storage
                0x0000000000001834       0x24 ./User/main.o
                0x0000000000001834                init_storage
 .text.scroll_text
                0x0000000000001858      0x176 ./User/main.o
                0x0000000000001858                scroll_text
 .text.create_name
                0x00000000000019ce      0x198 ./User/main.o
                0x00000000000019ce                create_name
 .text.available_names
                0x0000000000001b66       0x2a ./User/main.o
                0x0000000000001b66                available_names
 .text.show_name_and_highest_score
                0x0000000000001b90      0x170 ./User/main.o
                0x0000000000001b90                show_name_and_highest_score
 .text.startup.main
                0x0000000000001d00      0x458 ./User/main.o
                0x0000000000001d00                main
 .text.__udivdi3
                0x0000000000002158      0x4f2 c:/mounriver/mounriver_studio/toolchain/risc-v embedded gcc/bin/../lib/gcc/riscv-none-embed/8.2.0/rv32ecxw/ilp32e\libgcc.a(_udivdi3.o)
                0x0000000000002158                __udivdi3
 .text.malloc   0x000000000000264a        0xe c:/mounriver/mounriver_studio/toolchain/risc-v embedded gcc/bin/../lib/gcc/riscv-none-embed/8.2.0/../../../../riscv-none-embed/lib/rv32ecxw/ilp32e\libg_nano.a(lib_a-malloc.o)
                0x000000000000264a                malloc
 .text._malloc_r
                0x0000000000002658       0xd4 c:/mounriver/mounriver_studio/toolchain/risc-v embedded gcc/bin/../lib/gcc/riscv-none-embed/8.2.0/../../../../riscv-none-embed/lib/rv32ecxw/ilp32e\libg_nano.a(lib_a-nano-mallocr.o)
                0x0000000000002658                _malloc_r
 .text._sbrk_r  0x000000000000272c       0x28 c:/mounriver/mounriver_studio/toolchain/risc-v embedded gcc/bin/../lib/gcc/riscv-none-embed/8.2.0/../../../../riscv-none-embed/lib/rv32ecxw/ilp32e\libg_nano.a(lib_a-sbrkr.o)
                0x000000000000272c                _sbrk_r
 .text.__malloc_lock
                0x0000000000002754        0x2 c:/mounriver/mounriver_studio/toolchain/risc-v embedded gcc/bin/../lib/gcc/riscv-none-embed/8.2.0/../../../../riscv-none-embed/lib/rv32ecxw/ilp32e\libg_nano.a(lib_a-mlock.o)
                0x0000000000002754                __malloc_lock
 .text.__malloc_unlock
                0x0000000000002756        0x2 c:/mounriver/mounriver_studio/toolchain/risc-v embedded gcc/bin/../lib/gcc/riscv-none-embed/8.2.0/../../../../riscv-none-embed/lib/rv32ecxw/ilp32e\libg_nano.a(lib_a-mlock.o)
                0x0000000000002756                __malloc_unlock
 .text._sbrk    0x0000000000002758       0x20 c:/mounriver/mounriver_studio/toolchain/risc-v embedded gcc/bin/../lib/gcc/riscv-none-embed/8.2.0/../../../../riscv-none-embed/lib/rv32ecxw/ilp32e\libnosys.a(sbrk.o)
                0x0000000000002758                _sbrk
 *(.rodata)
 *(.rodata*)
 .rodata.puts.str1.4
                0x0000000000002778        0x0 ./User/ch32v003fun/ch32v003fun.o
                                          0x2 (size before relaxing)
 *fill*         0x0000000000002778        0x0 
 .rodata.A      0x0000000000002778       0x40 ./User/main.o
                0x0000000000002778                A
 .rodata.B      0x00000000000027b8       0x40 ./User/main.o
                0x00000000000027b8                B
 .rodata.C      0x00000000000027f8       0x40 ./User/main.o
                0x00000000000027f8                C
 .rodata.D      0x0000000000002838       0x40 ./User/main.o
                0x0000000000002838                D
 .rodata.E      0x0000000000002878       0x40 ./User/main.o
                0x0000000000002878                E
 .rodata.F      0x00000000000028b8       0x40 ./User/main.o
                0x00000000000028b8                F
 .rodata.G      0x00000000000028f8       0x40 ./User/main.o
                0x00000000000028f8                G
 .rodata.H      0x0000000000002938       0x40 ./User/main.o
                0x0000000000002938                H
 .rodata.I      0x0000000000002978       0x40 ./User/main.o
                0x0000000000002978                I
 .rodata.J      0x00000000000029b8       0x40 ./User/main.o
                0x00000000000029b8                J
 .rodata.K      0x00000000000029f8       0x40 ./User/main.o
                0x00000000000029f8                K
 .rodata.L      0x0000000000002a38       0x40 ./User/main.o
                0x0000000000002a38                L
 .rodata.M      0x0000000000002a78       0x40 ./User/main.o
                0x0000000000002a78                M
 .rodata.N      0x0000000000002ab8       0x40 ./User/main.o
                0x0000000000002ab8                N
 .rodata.O      0x0000000000002af8       0x40 ./User/main.o
                0x0000000000002af8                O
 .rodata.P      0x0000000000002b38       0x40 ./User/main.o
                0x0000000000002b38                P
 .rodata.Q      0x0000000000002b78       0x40 ./User/main.o
                0x0000000000002b78                Q
 .rodata.R      0x0000000000002bb8       0x40 ./User/main.o
                0x0000000000002bb8                R
 .rodata.S      0x0000000000002bf8       0x40 ./User/main.o
                0x0000000000002bf8                S
 .rodata.T      0x0000000000002c38       0x40 ./User/main.o
                0x0000000000002c38                T
 .rodata.U      0x0000000000002c78       0x40 ./User/main.o
                0x0000000000002c78                U
 .rodata.V      0x0000000000002cb8       0x40 ./User/main.o
                0x0000000000002cb8                V
 .rodata.W      0x0000000000002cf8       0x40 ./User/main.o
                0x0000000000002cf8                W
 .rodata.X      0x0000000000002d38       0x40 ./User/main.o
                0x0000000000002d38                X
 .rodata.Y      0x0000000000002d78       0x40 ./User/main.o
                0x0000000000002d78                Y
 .rodata.Z      0x0000000000002db8       0x40 ./User/main.o
                0x0000000000002db8                Z
 .rodata.font_0
                0x0000000000002df8        0xf ./User/main.o
                0x0000000000002df8                font_0
 *fill*         0x0000000000002e07        0x1 
 .rodata.font_1
                0x0000000000002e08        0xf ./User/main.o
                0x0000000000002e08                font_1
 *fill*         0x0000000000002e17        0x1 
 .rodata.font_2
                0x0000000000002e18        0xf ./User/main.o
                0x0000000000002e18                font_2
 *fill*         0x0000000000002e27        0x1 
 .rodata.font_3
                0x0000000000002e28        0xf ./User/main.o
                0x0000000000002e28                font_3
 *fill*         0x0000000000002e37        0x1 
 .rodata.font_4
                0x0000000000002e38        0xf ./User/main.o
                0x0000000000002e38                font_4
 *fill*         0x0000000000002e47        0x1 
 .rodata.font_5
                0x0000000000002e48        0xf ./User/main.o
                0x0000000000002e48                font_5
 *fill*         0x0000000000002e57        0x1 
 .rodata.font_6
                0x0000000000002e58        0xf ./User/main.o
                0x0000000000002e58                font_6
 *fill*         0x0000000000002e67        0x1 
 .rodata.font_7
                0x0000000000002e68        0xf ./User/main.o
                0x0000000000002e68                font_7
 *fill*         0x0000000000002e77        0x1 
 .rodata.font_8
                0x0000000000002e78        0xf ./User/main.o
                0x0000000000002e78                font_8
 *fill*         0x0000000000002e87        0x1 
 .rodata.font_9
                0x0000000000002e88        0xf ./User/main.o
                0x0000000000002e88                font_9
 *fill*         0x0000000000002e97        0x1 
 .rodata.font_D
                0x0000000000002e98        0xf ./User/main.o
                0x0000000000002e98                font_D
 *fill*         0x0000000000002ea7        0x1 
 .rodata.font_X
                0x0000000000002ea8        0xf ./User/main.o
                0x0000000000002ea8                font_X
 *fill*         0x0000000000002eb7        0x1 
 .rodata.font_chars
                0x0000000000002eb8      0x10e ./User/main.o
                0x0000000000002eb8                font_chars
 *fill*         0x0000000000002fc6        0x2 
 .rodata.get_current_user_name.str1.4
                0x0000000000002fc8        0x7 ./User/main.o
 *fill*         0x0000000000002fcf        0x1 
 .rodata.init_storage.str1.4
                0x0000000000002fd0       0x30 ./User/main.o
 .rodata.is_storage_initialized.str1.4
                0x0000000000003000        0x9 ./User/main.o
 *fill*         0x0000000000003009        0x3 
 .rodata.load_id.str1.4
                0x000000000000300c       0x17 ./User/main.o
 *fill*         0x0000000000003023        0x1 
 .rodata.load_name.str1.4
                0x0000000000003024       0x1e ./User/main.o
 *fill*         0x0000000000003042        0x2 
 .rodata.load_scores.str1.4
                0x0000000000003044       0x1e ./User/main.o
 *fill*         0x0000000000003062        0x2 
 .rodata.main.str1.4
                0x0000000000003064       0x34 ./User/main.o
 .rodata.reset_all_scores.str1.4
                0x0000000000003098       0x1f ./User/main.o
 *fill*         0x00000000000030b7        0x1 
 .rodata.reset_storage.str1.4
                0x00000000000030b8        0xe ./User/main.o
 *fill*         0x00000000000030c6        0x2 
 .rodata.save_currentScore_EEPROM.str1.4
                0x00000000000030c8       0x2f ./User/main.o
 *fill*         0x00000000000030f7        0x1 
 .rodata.save_id.str1.4
                0x00000000000030f8       0x15 ./User/main.o
 *fill*         0x000000000000310d        0x3 
 .rodata.save_name.part.8.str1.4
                0x0000000000003110       0x28 ./User/main.o
 .rodata.scroll_text.str1.4
                0x0000000000003138       0x28 ./User/main.o
                                          0x1 (size before relaxing)
 .rodata.__clz_tab
                0x0000000000003138      0x100 c:/mounriver/mounriver_studio/toolchain/risc-v embedded gcc/bin/../lib/gcc/riscv-none-embed/8.2.0/rv32ecxw/ilp32e\libgcc.a(_clz.o)
                0x0000000000003138                __clz_tab
 *(.gnu.linkonce.t.*)
                0x0000000000003238                . = ALIGN (0x4)

.rela.dyn       0x0000000000003238        0x0
 .rela.text.handle_reset
                0x0000000000003238        0x0 ./User/ch32v003fun/ch32v003fun.o
 .rela.init     0x0000000000003238        0x0 ./User/ch32v003fun/ch32v003fun.o
 .rela.data.impure_data
                0x0000000000003238        0x0 ./User/ch32v003fun/ch32v003fun.o
 .rela.text._sbrk
                0x0000000000003238        0x0 ./User/ch32v003fun/ch32v003fun.o

.fini           0x0000000000003238        0x0
 *(SORT_NONE(.fini))
                0x0000000000003238                . = ALIGN (0x4)
                [!provide]                        PROVIDE (_etext = .)
                [!provide]                        PROVIDE (_eitcm = .)

.preinit_array  0x0000000000003238        0x0
                [!provide]                        PROVIDE (__preinit_array_start = .)
 *(.preinit_array)
                [!provide]                        PROVIDE (__preinit_array_end = .)

.init_array     0x0000000000003238        0x0
                [!provide]                        PROVIDE (__init_array_start = .)
 *(SORT_BY_INIT_PRIORITY(.init_array.*) SORT_BY_INIT_PRIORITY(.ctors.*))
 *(.init_array EXCLUDE_FILE(*crtend?.o *crtend.o *crtbegin?.o *crtbegin.o) .ctors)
                [!provide]                        PROVIDE (__init_array_end = .)

.fini_array     0x0000000000003238        0x0
                [!provide]                        PROVIDE (__fini_array_start = .)
 *(SORT_BY_INIT_PRIORITY(.fini_array.*) SORT_BY_INIT_PRIORITY(.dtors.*))
 *(.fini_array EXCLUDE_FILE(*crtend?.o *crtend.o *crtbegin?.o *crtbegin.o) .dtors)
                [!provide]                        PROVIDE (__fini_array_end = .)

.ctors
 *crtbegin.o(.ctors)
 *crtbegin?.o(.ctors)
 *(EXCLUDE_FILE(*crtend?.o *crtend.o) .ctors)
 *(SORT_BY_NAME(.ctors.*))
 *(.ctors)

.dtors
 *crtbegin.o(.dtors)
 *crtbegin?.o(.dtors)
 *(EXCLUDE_FILE(*crtend?.o *crtend.o) .dtors)
 *(SORT_BY_NAME(.dtors.*))
 *(.dtors)

.dalign         0x0000000020000000        0x0 load address 0x0000000000003238
                0x0000000020000000                . = ALIGN (0x4)
                0x0000000020000000                PROVIDE (_data_vma = .)

.dlalign        0x0000000000003238        0x0
                0x0000000000003238                . = ALIGN (0x4)
                0x0000000000003238                PROVIDE (_data_lma = .)

.data           0x0000000020000000      0x128 load address 0x0000000000003238
                0x0000000020000000                . = ALIGN (0x4)
 *(.gnu.linkonce.r.*)
 *(.data .data.*)
 .data.Letter_List
                0x0000000020000000       0x68 ./User/main.o
                0x0000000020000000                Letter_List
 .data.appleColor
                0x0000000020000068        0x3 ./User/main.o
                0x0000000020000068                appleColor
 *fill*         0x000000002000006b        0x1 
 .data.font_list
                0x000000002000006c       0x30 ./User/main.o
                0x000000002000006c                font_list
 .data.ledDivider
                0x000000002000009c        0x1 ./User/main.o
                0x000000002000009c                ledDivider
 *fill*         0x000000002000009d        0x3 
 .data.letter_color
                0x00000000200000a0        0x3 ./User/main.o
                0x00000000200000a0                letter_color
 *fill*         0x00000000200000a3        0x1 
 .data.scoreColor
                0x00000000200000a4        0x3 ./User/main.o
                0x00000000200000a4                scoreColor
 *fill*         0x00000000200000a7        0x1 
 .data.scroll_name
                0x00000000200000a8        0x3 ./User/main.o
                0x00000000200000a8                scroll_name
 *fill*         0x00000000200000ab        0x1 
 .data.snakeBodyColor
                0x00000000200000ac        0x3 ./User/main.o
                0x00000000200000ac                snakeBodyColor
 *fill*         0x00000000200000af        0x1 
 .data.snakeHeadColor
                0x00000000200000b0        0x3 ./User/main.o
                0x00000000200000b0                snakeHeadColor
 *fill*         0x00000000200000b3        0x1 
 .data.snakeTailColor
                0x00000000200000b4        0x3 ./User/main.o
                0x00000000200000b4                snakeTailColor
 *fill*         0x00000000200000b7        0x1 
 .data.speedBoostColor
                0x00000000200000b8        0x3 ./User/main.o
                0x00000000200000b8                speedBoostColor
 *fill*         0x00000000200000bb        0x1 
 .data.impure_data
                0x00000000200000bc       0x60 c:/mounriver/mounriver_studio/toolchain/risc-v embedded gcc/bin/../lib/gcc/riscv-none-embed/8.2.0/../../../../riscv-none-embed/lib/rv32ecxw/ilp32e\libg_nano.a(lib_a-impure.o)
 *(.gnu.linkonce.d.*)
                0x0000000020000120                . = ALIGN (0x8)
 *fill*         0x000000002000011c        0x4 
                0x0000000020000920                PROVIDE (__global_pointer$ = (. + 0x800))
 *(.sdata .sdata.*)
 .sdata._impure_ptr
                0x0000000020000120        0x4 c:/mounriver/mounriver_studio/toolchain/risc-v embedded gcc/bin/../lib/gcc/riscv-none-embed/8.2.0/../../../../riscv-none-embed/lib/rv32ecxw/ilp32e\libg_nano.a(lib_a-impure.o)
                0x0000000020000120                _impure_ptr
 *(.sdata2*)
 *(.gnu.linkonce.s.*)
                0x0000000020000128                . = ALIGN (0x8)
 *fill*         0x0000000020000124        0x4 
 *(.srodata.cst16)
 *(.srodata.cst8)
 *(.srodata.cst4)
 *(.srodata.cst2)
 *(.srodata .srodata.*)
                0x0000000020000128                . = ALIGN (0x4)
                0x0000000020000128                PROVIDE (_edata = .)

.bss            0x0000000020000128      0x178 load address 0x0000000000003360
                0x0000000020000128                . = ALIGN (0x4)
                0x0000000020000128                PROVIDE (_sbss = .)
 *(.sbss*)
 .sbss.__malloc_free_list
                0x0000000020000128        0x4 c:/mounriver/mounriver_studio/toolchain/risc-v embedded gcc/bin/../lib/gcc/riscv-none-embed/8.2.0/../../../../riscv-none-embed/lib/rv32ecxw/ilp32e\libg_nano.a(lib_a-nano-mallocr.o)
                0x0000000020000128                __malloc_free_list
 .sbss.__malloc_sbrk_start
                0x000000002000012c        0x4 c:/mounriver/mounriver_studio/toolchain/risc-v embedded gcc/bin/../lib/gcc/riscv-none-embed/8.2.0/../../../../riscv-none-embed/lib/rv32ecxw/ilp32e\libg_nano.a(lib_a-nano-mallocr.o)
                0x000000002000012c                __malloc_sbrk_start
 .sbss.heap_end.1518
                0x0000000020000130        0x4 c:/mounriver/mounriver_studio/toolchain/risc-v embedded gcc/bin/../lib/gcc/riscv-none-embed/8.2.0/../../../../riscv-none-embed/lib/rv32ecxw/ilp32e\libnosys.a(sbrk.o)
 *(.gnu.linkonce.sb.*)
 *(.bss*)
 .bss.errno     0x0000000020000134        0x4 ./User/ch32v003fun/ch32v003fun.o
                0x0000000020000134                errno
 .bss.Identifier
                0x0000000020000138        0x1 ./User/main.o
                0x0000000020000138                Identifier
 *fill*         0x0000000020000139        0x3 
 .bss.blankColor
                0x000000002000013c        0x3 ./User/main.o
                0x000000002000013c                blankColor
 .bss.currentScoreIndex
                0x000000002000013f        0x1 ./User/main.o
                0x000000002000013f                currentScoreIndex
 .bss.current_name
                0x0000000020000140        0x3 ./User/main.o
                0x0000000020000140                current_name
 .bss.current_user_id
                0x0000000020000143        0x1 ./User/main.o
                0x0000000020000143                current_user_id
 .bss.gameBoard
                0x0000000020000144       0x80 ./User/main.o
                0x0000000020000144                gameBoard
 .bss.gameOver  0x00000000200001c4        0x1 ./User/main.o
                0x00000000200001c4                gameOver
 .bss.game_regime
                0x00000000200001c5        0x1 ./User/main.o
                0x00000000200001c5                game_regime
 .bss.i2c_err_flags
                0x00000000200001c6        0x2 ./User/main.o
                0x00000000200001c6                i2c_err_flags
 .bss.led_array
                0x00000000200001c8       0xc0 ./User/main.o
                0x00000000200001c8                led_array
 .bss.new_name  0x0000000020000288        0x4 ./User/main.o
                0x0000000020000288                new_name
 .bss.rnval     0x000000002000028c        0x2 ./User/main.o
                0x000000002000028c                rnval
 .bss.score     0x000000002000028e        0x1 ./User/main.o
                0x000000002000028e                score
 *fill*         0x000000002000028f        0x1 
 .bss.scoreHistory
                0x0000000020000290        0xa ./User/main.o
                0x0000000020000290                scoreHistory
 .bss.snakeHead
                0x000000002000029a        0x1 ./User/main.o
                0x000000002000029a                snakeHead
 .bss.snakeTail
                0x000000002000029b        0x1 ./User/main.o
                0x000000002000029b                snakeTail
 .bss.speedCounter
                0x000000002000029c        0x2 ./User/main.o
                0x000000002000029c                speedCounter
 *(.gnu.linkonce.b.*)
 *(COMMON*)
                0x00000000200002a0                . = ALIGN (0x4)
 *fill*         0x000000002000029e        0x2 
                0x00000000200002a0                PROVIDE (_ebss = .)
                [!provide]                        PROVIDE (_end = _ebss)
                0x00000000200002a0                PROVIDE (end = .)

.stack          0x0000000020000700      0x100
                [!provide]                        PROVIDE (_heap_end = .)
                0x0000000020000700                . = ALIGN (0x4)
                [!provide]                        PROVIDE (_susrstack = .)
                0x0000000020000800                . = (. + __stack_size)
 *fill*         0x0000000020000700      0x100 
                0x0000000020000800                PROVIDE (_eusrstack = .)
OUTPUT(Snake_game.elf elf32-littleriscv)

.debug_info     0x0000000000000000     0x6a17
 .debug_info    0x0000000000000000     0x21a7 ./User/ch32v003fun/ch32v003fun.o
 .debug_info    0x00000000000021a7     0x484e ./User/main.o
 .debug_info    0x00000000000069f5       0x22 ./Startup/startup_ch32v00x.o

.debug_abbrev   0x0000000000000000      0xdd6
 .debug_abbrev  0x0000000000000000      0x5ab ./User/ch32v003fun/ch32v003fun.o
 .debug_abbrev  0x00000000000005ab      0x819 ./User/main.o
 .debug_abbrev  0x0000000000000dc4       0x12 ./Startup/startup_ch32v00x.o

.debug_loc      0x0000000000000000     0x40df
 .debug_loc     0x0000000000000000     0x1fa2 ./User/ch32v003fun/ch32v003fun.o
 .debug_loc     0x0000000000001fa2     0x213d ./User/main.o

.debug_aranges  0x0000000000000000      0x398
 .debug_aranges
                0x0000000000000000      0x140 ./User/ch32v003fun/ch32v003fun.o
 .debug_aranges
                0x0000000000000140      0x228 ./User/main.o
 .debug_aranges
                0x0000000000000368       0x30 ./Startup/startup_ch32v00x.o

.debug_ranges   0x0000000000000000      0x978
 .debug_ranges  0x0000000000000000      0x268 ./User/ch32v003fun/ch32v003fun.o
 .debug_ranges  0x0000000000000268      0x6e8 ./User/main.o
 .debug_ranges  0x0000000000000950       0x28 ./Startup/startup_ch32v00x.o

.debug_line     0x0000000000000000     0x6736
 .debug_line    0x0000000000000000     0x2246 ./User/ch32v003fun/ch32v003fun.o
 .debug_line    0x0000000000002246     0x43de ./User/main.o
 .debug_line    0x0000000000006624      0x112 ./Startup/startup_ch32v00x.o

.debug_str      0x0000000000000000     0x15f2
 .debug_str     0x0000000000000000      0x932 ./User/ch32v003fun/ch32v003fun.o
                                        0xa53 (size before relaxing)
 .debug_str     0x0000000000000932      0xc96 ./User/main.o
                                       0x1436 (size before relaxing)
 .debug_str     0x00000000000015c8       0x2a ./Startup/startup_ch32v00x.o
                                         0x59 (size before relaxing)

.comment        0x0000000000000000       0x33
 .comment       0x0000000000000000       0x33 ./User/ch32v003fun/ch32v003fun.o
                                         0x34 (size before relaxing)
 .comment       0x0000000000000033       0x34 ./User/main.o

.debug_frame    0x0000000000000000      0xc9c
 .debug_frame   0x0000000000000000      0x37c ./User/ch32v003fun/ch32v003fun.o
 .debug_frame   0x000000000000037c      0x838 ./User/main.o
 .debug_frame   0x0000000000000bb4       0x30 c:/mounriver/mounriver_studio/toolchain/risc-v embedded gcc/bin/../lib/gcc/riscv-none-embed/8.2.0/../../../../riscv-none-embed/lib/rv32ecxw/ilp32e\libg_nano.a(lib_a-malloc.o)
 .debug_frame   0x0000000000000be4       0x38 c:/mounriver/mounriver_studio/toolchain/risc-v embedded gcc/bin/../lib/gcc/riscv-none-embed/8.2.0/../../../../riscv-none-embed/lib/rv32ecxw/ilp32e\libg_nano.a(lib_a-nano-mallocr.o)
 .debug_frame   0x0000000000000c1c       0x30 c:/mounriver/mounriver_studio/toolchain/risc-v embedded gcc/bin/../lib/gcc/riscv-none-embed/8.2.0/../../../../riscv-none-embed/lib/rv32ecxw/ilp32e\libg_nano.a(lib_a-sbrkr.o)
 .debug_frame   0x0000000000000c4c       0x30 c:/mounriver/mounriver_studio/toolchain/risc-v embedded gcc/bin/../lib/gcc/riscv-none-embed/8.2.0/../../../../riscv-none-embed/lib/rv32ecxw/ilp32e\libg_nano.a(lib_a-mlock.o)
 .debug_frame   0x0000000000000c7c       0x20 c:/mounriver/mounriver_studio/toolchain/risc-v embedded gcc/bin/../lib/gcc/riscv-none-embed/8.2.0/../../../../riscv-none-embed/lib/rv32ecxw/ilp32e\libnosys.a(sbrk.o)
